Component: ARM Compiler 5.06 update 5 (build 528) Tool: armlink [4d35e2]

==============================================================================

Section Cross References

    startup_stm32f070x6.o(RESET) refers to startup_stm32f070x6.o(STACK) for __initial_sp
    startup_stm32f070x6.o(RESET) refers to startup_stm32f070x6.o(.text) for Reset_Handler
    startup_stm32f070x6.o(RESET) refers to stm32f0xx_it.o(i.NMI_Handler) for NMI_Handler
    startup_stm32f070x6.o(RESET) refers to stm32f0xx_it.o(i.HardFault_Handler) for HardFault_Handler
    startup_stm32f070x6.o(RESET) refers to stm32f0xx_it.o(i.SVC_Handler) for SVC_Handler
    startup_stm32f070x6.o(RESET) refers to stm32f0xx_it.o(i.PendSV_Handler) for PendSV_Handler
    startup_stm32f070x6.o(RESET) refers to stm32f0xx_it.o(i.SysTick_Handler) for SysTick_Handler
    startup_stm32f070x6.o(RESET) refers to stm32f0xx_it.o(i.DMA1_Channel1_IRQHandler) for DMA1_Channel1_IRQHandler
    startup_stm32f070x6.o(RESET) refers to stm32f0xx_it.o(i.DMA1_Channel4_5_IRQHandler) for DMA1_Channel4_5_IRQHandler
    startup_stm32f070x6.o(RESET) refers to stm32f0xx_it.o(i.ADC1_IRQHandler) for ADC1_IRQHandler
    startup_stm32f070x6.o(RESET) refers to stm32f0xx_it.o(i.TIM3_IRQHandler) for TIM3_IRQHandler
    startup_stm32f070x6.o(.text) refers to startup_stm32f070x6.o(STACK) for __initial_sp
    startup_stm32f070x6.o(.text) refers to system_stm32f0xx.o(i.SystemInit) for SystemInit
    startup_stm32f070x6.o(.text) refers to entry.o(.ARM.Collect$$$$00000000) for __main
    main.o(i.Configure_DMA) refers to main.o(i.LL_AHB1_GRP1_EnableClock) for LL_AHB1_GRP1_EnableClock
    main.o(i.Configure_DMA) refers to main.o(i.LL_DMA_ConfigAddresses) for LL_DMA_ConfigAddresses
    main.o(i.Configure_DMA) refers to main.o(i.LL_DMA_SetDataLength) for LL_DMA_SetDataLength
    main.o(i.Configure_DMA) refers to main.o(i.LL_DMA_EnableIT_TC) for LL_DMA_EnableIT_TC
    main.o(i.Configure_DMA) refers to main.o(.constdata) for .constdata
    main.o(i.Configure_DMA) refers to main.o(.bss) for .bss
    main.o(i.Configure_USART) refers to main.o(i.LL_AHB1_GRP1_EnableClock) for LL_AHB1_GRP1_EnableClock
    main.o(i.Configure_USART) refers to main.o(i.LL_GPIO_SetPinMode) for LL_GPIO_SetPinMode
    main.o(i.Configure_USART) refers to main.o(i.LL_GPIO_SetAFPin_0_7) for LL_GPIO_SetAFPin_0_7
    main.o(i.Configure_USART) refers to main.o(i.LL_GPIO_SetPinSpeed) for LL_GPIO_SetPinSpeed
    main.o(i.Configure_USART) refers to main.o(i.LL_GPIO_SetPinPull) for LL_GPIO_SetPinPull
    main.o(i.Configure_USART) refers to main.o(i.LL_APB1_GRP1_EnableClock) for LL_APB1_GRP1_EnableClock
    main.o(i.Configure_USART) refers to uidiv.o(.text) for __aeabi_uidivmod
    main.o(i.Configure_USART) refers to system_stm32f0xx.o(.data) for SystemCoreClock
    main.o(i.LL_DMA_ConfigAddresses) refers to main.o(.constdata) for .constdata
    main.o(i.LL_DMA_EnableChannel) refers to main.o(.constdata) for .constdata
    main.o(i.LL_DMA_EnableIT_TC) refers to main.o(.constdata) for .constdata
    main.o(i.LL_DMA_SetDataLength) refers to main.o(.constdata) for .constdata
    main.o(i.StartTransfers) refers to main.o(i.LL_DMA_SetDataLength) for LL_DMA_SetDataLength
    main.o(i.StartTransfers) refers to main.o(i.LL_DMA_EnableChannel) for LL_DMA_EnableChannel
    main.o(i.StartTransfers) refers to main.o(.constdata) for .constdata
    main.o(i.SystemClock_Config) refers to stm32f0xx_ll_utils.o(i.LL_Init1msTick) for LL_Init1msTick
    main.o(i.SystemClock_Config) refers to stm32f0xx_ll_utils.o(i.LL_SetSystemCoreClock) for LL_SetSystemCoreClock
    main.o(i.SystemClock_Config) refers to main.o(i.NVIC_SetPriority) for NVIC_SetPriority
    main.o(i.escSystemStart) refers to main.o(i.LL_DMA_ConfigAddresses) for LL_DMA_ConfigAddresses
    main.o(i.escSystemStart) refers to main.o(i.LL_DMA_SetDataLength) for LL_DMA_SetDataLength
    main.o(i.escSystemStart) refers to main.o(i.LL_DMA_EnableIT_TC) for LL_DMA_EnableIT_TC
    main.o(i.escSystemStart) refers to main.o(i.LL_DMA_EnableChannel) for LL_DMA_EnableChannel
    main.o(i.escSystemStart) refers to main.o(.bss) for .bss
    main.o(i.main) refers to main.o(i.LL_APB1_GRP1_EnableClock) for LL_APB1_GRP1_EnableClock
    main.o(i.main) refers to main.o(i.NVIC_SetPriority) for NVIC_SetPriority
    main.o(i.main) refers to main.o(i.SystemClock_Config) for SystemClock_Config
    main.o(i.main) refers to gpio.o(i.MX_GPIO_Init) for MX_GPIO_Init
    main.o(i.main) refers to dma.o(i.MX_DMA_Init) for MX_DMA_Init
    main.o(i.main) refers to adc.o(i.MX_ADC_Init) for MX_ADC_Init
    main.o(i.main) refers to tim.o(i.MX_TIM3_Init) for MX_TIM3_Init
    main.o(i.main) refers to tim.o(i.MX_TIM1_Init) for MX_TIM1_Init
    main.o(i.main) refers to usart.o(i.MX_USART2_UART_Init) for MX_USART2_UART_Init
    main.o(i.main) refers to i2c.o(i.MX_I2C1_Init) for MX_I2C1_Init
    main.o(i.main) refers to ldiv.o(.text) for __aeabi_ldivmod
    main.o(i.main) refers to main.o(i.Configure_USART) for Configure_USART
    main.o(i.main) refers to main.o(i.Configure_DMA) for Configure_DMA
    main.o(i.main) refers to main.o(i.escSystemStart) for escSystemStart
    main.o(i.main) refers to main.o(i.StartTransfers) for StartTransfers
    main.o(i.main) refers to main.o(i.updateFrame) for updateFrame
    main.o(i.main) refers to main.o(.data) for .data
    main.o(i.newSample_callback) refers to main.o(i.__ARM_common_ll_mulss) for __ARM_common_ll_mulss
    main.o(i.newSample_callback) refers to main.o(i._IQsin) for _IQsin
    main.o(i.newSample_callback) refers to main.o(.data) for .data
    main.o(i.newSample_callback) refers to main.o(.bss) for .bss
    main.o(i.txCmplt_callback) refers to main.o(.data) for .data
    main.o(i.updateFrame) refers to main.o(i.StartTransfers) for StartTransfers
    main.o(i.updateFrame) refers to main.o(.bss) for .bss
    gpio.o(i.MX_GPIO_Init) refers to gpio.o(i.LL_AHB1_GRP1_EnableClock) for LL_AHB1_GRP1_EnableClock
    gpio.o(i.MX_GPIO_Init) refers to stm32f0xx_ll_gpio.o(i.LL_GPIO_Init) for LL_GPIO_Init
    adc.o(i.MX_ADC_Init) refers to stm32f0xx_ll_gpio.o(i.LL_GPIO_Init) for LL_GPIO_Init
    adc.o(i.MX_ADC_Init) refers to stm32f0xx_ll_adc.o(i.LL_ADC_Init) for LL_ADC_Init
    adc.o(i.MX_ADC_Init) refers to stm32f0xx_ll_adc.o(i.LL_ADC_REG_Init) for LL_ADC_REG_Init
    adc.o(i.MX_ADC_Init) refers to adc.o(.constdata) for .constdata
    dma.o(i.MX_DMA_Init) refers to dma.o(i.NVIC_SetPriority) for NVIC_SetPriority
    i2c.o(i.MX_I2C1_Init) refers to stm32f0xx_ll_gpio.o(i.LL_GPIO_Init) for LL_GPIO_Init
    i2c.o(i.MX_I2C1_Init) refers to stm32f0xx_ll_i2c.o(i.LL_I2C_Init) for LL_I2C_Init
    tim.o(i.LL_TIM_IC_SetActiveInput) refers to tim.o(.constdata) for .constdata
    tim.o(i.LL_TIM_IC_SetFilter) refers to tim.o(.constdata) for .constdata
    tim.o(i.LL_TIM_IC_SetPolarity) refers to tim.o(.constdata) for .constdata
    tim.o(i.LL_TIM_IC_SetPrescaler) refers to tim.o(.constdata) for .constdata
    tim.o(i.LL_TIM_OC_DisableFast) refers to tim.o(.constdata) for .constdata
    tim.o(i.LL_TIM_OC_EnablePreload) refers to tim.o(.constdata) for .constdata
    tim.o(i.MX_TIM1_Init) refers to stm32f0xx_ll_gpio.o(i.LL_GPIO_Init) for LL_GPIO_Init
    tim.o(i.MX_TIM1_Init) refers to stm32f0xx_ll_tim.o(i.LL_TIM_Init) for LL_TIM_Init
    tim.o(i.MX_TIM1_Init) refers to tim.o(i.LL_TIM_IC_SetFilter) for LL_TIM_IC_SetFilter
    tim.o(i.MX_TIM1_Init) refers to tim.o(i.LL_TIM_IC_SetPolarity) for LL_TIM_IC_SetPolarity
    tim.o(i.MX_TIM1_Init) refers to tim.o(i.LL_TIM_IC_SetActiveInput) for LL_TIM_IC_SetActiveInput
    tim.o(i.MX_TIM1_Init) refers to tim.o(i.LL_TIM_IC_SetPrescaler) for LL_TIM_IC_SetPrescaler
    tim.o(i.MX_TIM3_Init) refers to stm32f0xx_ll_tim.o(i.LL_TIM_Init) for LL_TIM_Init
    tim.o(i.MX_TIM3_Init) refers to tim.o(i.LL_TIM_OC_EnablePreload) for LL_TIM_OC_EnablePreload
    tim.o(i.MX_TIM3_Init) refers to stm32f0xx_ll_tim.o(i.LL_TIM_OC_Init) for LL_TIM_OC_Init
    tim.o(i.MX_TIM3_Init) refers to tim.o(i.LL_TIM_OC_DisableFast) for LL_TIM_OC_DisableFast
    tim.o(i.MX_TIM3_Init) refers to stm32f0xx_ll_gpio.o(i.LL_GPIO_Init) for LL_GPIO_Init
    usart.o(i.MX_USART2_UART_Init) refers to stm32f0xx_ll_gpio.o(i.LL_GPIO_Init) for LL_GPIO_Init
    usart.o(i.MX_USART2_UART_Init) refers to stm32f0xx_ll_usart.o(i.LL_USART_Init) for LL_USART_Init
    usart.o(i.MX_USART2_UART_Init) refers to usart.o(.constdata) for .constdata
    stm32f0xx_it.o(i.DMA1_Channel1_IRQHandler) refers to main.o(i.newSample_callback) for newSample_callback
    stm32f0xx_ll_gpio.o(i.LL_GPIO_DeInit) refers to stm32f0xx_ll_gpio.o(i.LL_AHB1_GRP1_ForceReset) for LL_AHB1_GRP1_ForceReset
    stm32f0xx_ll_gpio.o(i.LL_GPIO_DeInit) refers to stm32f0xx_ll_gpio.o(i.LL_AHB1_GRP1_ReleaseReset) for LL_AHB1_GRP1_ReleaseReset
    stm32f0xx_ll_dma.o(i.LL_DMA_Init) refers to stm32f0xx_ll_dma.o(.constdata) for .constdata
    stm32f0xx_ll_tim.o(i.LL_TIM_OC_Init) refers to stm32f0xx_ll_tim.o(i.OC4Config) for OC4Config
    stm32f0xx_ll_tim.o(i.LL_TIM_OC_Init) refers to stm32f0xx_ll_tim.o(i.OC1Config) for OC1Config
    stm32f0xx_ll_tim.o(i.LL_TIM_OC_Init) refers to stm32f0xx_ll_tim.o(i.OC2Config) for OC2Config
    stm32f0xx_ll_tim.o(i.LL_TIM_OC_Init) refers to stm32f0xx_ll_tim.o(i.OC3Config) for OC3Config
    stm32f0xx_ll_usart.o(i.LL_USART_Init) refers to stm32f0xx_ll_rcc.o(i.LL_RCC_GetUSARTClockFreq) for LL_RCC_GetUSARTClockFreq
    stm32f0xx_ll_usart.o(i.LL_USART_Init) refers to stm32f0xx_ll_rcc.o(i.LL_RCC_GetSystemClocksFreq) for LL_RCC_GetSystemClocksFreq
    stm32f0xx_ll_usart.o(i.LL_USART_Init) refers to uidiv.o(.text) for __aeabi_uidivmod
    stm32f0xx_ll_rcc.o(i.LL_RCC_GetI2CClockFreq) refers to stm32f0xx_ll_rcc.o(i.RCC_GetSystemClockFreq) for RCC_GetSystemClockFreq
    stm32f0xx_ll_rcc.o(i.LL_RCC_GetSystemClocksFreq) refers to stm32f0xx_ll_rcc.o(i.RCC_GetSystemClockFreq) for RCC_GetSystemClockFreq
    stm32f0xx_ll_rcc.o(i.LL_RCC_GetSystemClocksFreq) refers to stm32f0xx_ll_rcc.o(i.RCC_GetHCLKClockFreq) for RCC_GetHCLKClockFreq
    stm32f0xx_ll_rcc.o(i.LL_RCC_GetSystemClocksFreq) refers to stm32f0xx_ll_rcc.o(i.RCC_GetPCLK1ClockFreq) for RCC_GetPCLK1ClockFreq
    stm32f0xx_ll_rcc.o(i.LL_RCC_GetUSARTClockFreq) refers to stm32f0xx_ll_rcc.o(i.RCC_GetSystemClockFreq) for RCC_GetSystemClockFreq
    stm32f0xx_ll_rcc.o(i.LL_RCC_GetUSARTClockFreq) refers to stm32f0xx_ll_rcc.o(i.RCC_GetHCLKClockFreq) for RCC_GetHCLKClockFreq
    stm32f0xx_ll_rcc.o(i.LL_RCC_GetUSARTClockFreq) refers to stm32f0xx_ll_rcc.o(i.RCC_GetPCLK1ClockFreq) for RCC_GetPCLK1ClockFreq
    stm32f0xx_ll_rcc.o(i.LL_RCC_GetUSBClockFreq) refers to stm32f0xx_ll_rcc.o(i.RCC_PLL_GetFreqDomain_SYS) for RCC_PLL_GetFreqDomain_SYS
    stm32f0xx_ll_rcc.o(i.RCC_GetHCLKClockFreq) refers to system_stm32f0xx.o(.constdata) for AHBPrescTable
    stm32f0xx_ll_rcc.o(i.RCC_GetPCLK1ClockFreq) refers to system_stm32f0xx.o(.constdata) for APBPrescTable
    stm32f0xx_ll_rcc.o(i.RCC_GetSystemClockFreq) refers to stm32f0xx_ll_rcc.o(i.RCC_PLL_GetFreqDomain_SYS) for RCC_PLL_GetFreqDomain_SYS
    stm32f0xx_ll_rcc.o(i.RCC_PLL_GetFreqDomain_SYS) refers to uidiv.o(.text) for __aeabi_uidivmod
    stm32f0xx_ll_utils.o(i.LL_Init1msTick) refers to uidiv.o(.text) for __aeabi_uidivmod
    stm32f0xx_ll_utils.o(i.LL_PLL_ConfigSystemClock_HSE) refers to stm32f0xx_ll_utils.o(i.UTILS_PLL_IsBusy) for UTILS_PLL_IsBusy
    stm32f0xx_ll_utils.o(i.LL_PLL_ConfigSystemClock_HSE) refers to stm32f0xx_ll_utils.o(i.UTILS_GetPLLOutputFrequency) for UTILS_GetPLLOutputFrequency
    stm32f0xx_ll_utils.o(i.LL_PLL_ConfigSystemClock_HSE) refers to stm32f0xx_ll_utils.o(i.LL_RCC_PLL_ConfigDomain_SYS) for LL_RCC_PLL_ConfigDomain_SYS
    stm32f0xx_ll_utils.o(i.LL_PLL_ConfigSystemClock_HSE) refers to stm32f0xx_ll_utils.o(i.UTILS_EnablePLLAndSwitchSystem) for UTILS_EnablePLLAndSwitchSystem
    stm32f0xx_ll_utils.o(i.LL_PLL_ConfigSystemClock_HSI) refers to stm32f0xx_ll_utils.o(i.UTILS_PLL_IsBusy) for UTILS_PLL_IsBusy
    stm32f0xx_ll_utils.o(i.LL_PLL_ConfigSystemClock_HSI) refers to stm32f0xx_ll_utils.o(i.UTILS_GetPLLOutputFrequency) for UTILS_GetPLLOutputFrequency
    stm32f0xx_ll_utils.o(i.LL_PLL_ConfigSystemClock_HSI) refers to stm32f0xx_ll_utils.o(i.LL_RCC_PLL_ConfigDomain_SYS) for LL_RCC_PLL_ConfigDomain_SYS
    stm32f0xx_ll_utils.o(i.LL_PLL_ConfigSystemClock_HSI) refers to stm32f0xx_ll_utils.o(i.UTILS_EnablePLLAndSwitchSystem) for UTILS_EnablePLLAndSwitchSystem
    stm32f0xx_ll_utils.o(i.LL_SetSystemCoreClock) refers to system_stm32f0xx.o(.data) for SystemCoreClock
    stm32f0xx_ll_utils.o(i.UTILS_EnablePLLAndSwitchSystem) refers to stm32f0xx_ll_utils.o(i.UTILS_SetFlashLatency) for UTILS_SetFlashLatency
    stm32f0xx_ll_utils.o(i.UTILS_EnablePLLAndSwitchSystem) refers to system_stm32f0xx.o(.constdata) for AHBPrescTable
    stm32f0xx_ll_utils.o(i.UTILS_EnablePLLAndSwitchSystem) refers to system_stm32f0xx.o(.data) for SystemCoreClock
    stm32f0xx_ll_utils.o(i.UTILS_GetPLLOutputFrequency) refers to uidiv.o(.text) for __aeabi_uidivmod
    system_stm32f0xx.o(i.SystemCoreClockUpdate) refers to uidiv.o(.text) for __aeabi_uidivmod
    system_stm32f0xx.o(i.SystemCoreClockUpdate) refers to system_stm32f0xx.o(.data) for .data
    system_stm32f0xx.o(i.SystemCoreClockUpdate) refers to system_stm32f0xx.o(.constdata) for .constdata
    entry.o(.ARM.Collect$$$$00000000) refers (Special) to entry10a.o(.ARM.Collect$$$$0000000D) for __rt_final_cpp
    entry.o(.ARM.Collect$$$$00000000) refers (Special) to entry11a.o(.ARM.Collect$$$$0000000F) for __rt_final_exit
    entry.o(.ARM.Collect$$$$00000000) refers (Special) to entry7b.o(.ARM.Collect$$$$00000008) for _main_clock
    entry.o(.ARM.Collect$$$$00000000) refers (Special) to entry8b.o(.ARM.Collect$$$$0000000A) for _main_cpp_init
    entry.o(.ARM.Collect$$$$00000000) refers (Special) to entry9a.o(.ARM.Collect$$$$0000000B) for _main_init
    entry.o(.ARM.Collect$$$$00000000) refers (Special) to entry5.o(.ARM.Collect$$$$00000004) for _main_scatterload
    entry.o(.ARM.Collect$$$$00000000) refers (Special) to entry2.o(.ARM.Collect$$$$00000001) for _main_stk
    ldiv.o(.text) refers to uldiv.o(.text) for __aeabi_uldivmod
    entry2.o(.ARM.Collect$$$$00000001) refers to entry2.o(.ARM.Collect$$$$00002712) for __lit__00000000
    entry2.o(.ARM.Collect$$$$00002712) refers to startup_stm32f070x6.o(STACK) for __initial_sp
    entry2.o(__vectab_stack_and_reset_area) refers to startup_stm32f070x6.o(STACK) for __initial_sp
    entry2.o(__vectab_stack_and_reset_area) refers to entry.o(.ARM.Collect$$$$00000000) for __main
    entry5.o(.ARM.Collect$$$$00000004) refers to init.o(.text) for __scatterload
    entry9a.o(.ARM.Collect$$$$0000000B) refers to main.o(i.main) for main
    entry9b.o(.ARM.Collect$$$$0000000C) refers to main.o(i.main) for main
    uldiv.o(.text) refers to llushr.o(.text) for __aeabi_llsr
    uldiv.o(.text) refers to llshl.o(.text) for __aeabi_llsl
    init.o(.text) refers to entry5.o(.ARM.Collect$$$$00000004) for __main_after_scatterload
    main.o(i._IQsin) refers to main.o(i.__ARM_common_ll_mulss) for __ARM_common_ll_mulss


==============================================================================

Removing Unused input sections from the image.

    Removing startup_stm32f070x6.o(HEAP), (512 bytes).
    Removing main.o(.rev16_text), (4 bytes).
    Removing main.o(.revsh_text), (4 bytes).
    Removing main.o(i._Error_Handler), (2 bytes).
    Removing main.o(i.rxCmplt_callback), (2 bytes).
    Removing main.o(i.txCmplt_callback), (16 bytes).
    Removing main.o(.data), (56 bytes).
    Removing main.o(.data), (4 bytes).
    Removing main.o(.data), (4 bytes).
    Removing main.o(.data), (4 bytes).
    Removing main.o(.data), (4 bytes).
    Removing main.o(.data), (4 bytes).
    Removing main.o(.data), (4 bytes).
    Removing main.o(.data), (4 bytes).
    Removing main.o(.data), (4 bytes).
    Removing gpio.o(.rev16_text), (4 bytes).
    Removing gpio.o(.revsh_text), (4 bytes).
    Removing adc.o(.rev16_text), (4 bytes).
    Removing adc.o(.revsh_text), (4 bytes).
    Removing dma.o(.rev16_text), (4 bytes).
    Removing dma.o(.revsh_text), (4 bytes).
    Removing i2c.o(.rev16_text), (4 bytes).
    Removing i2c.o(.revsh_text), (4 bytes).
    Removing tim.o(.rev16_text), (4 bytes).
    Removing tim.o(.revsh_text), (4 bytes).
    Removing usart.o(.rev16_text), (4 bytes).
    Removing usart.o(.revsh_text), (4 bytes).
    Removing stm32f0xx_it.o(.rev16_text), (4 bytes).
    Removing stm32f0xx_it.o(.revsh_text), (4 bytes).
    Removing stm32f0xx_ll_gpio.o(.rev16_text), (4 bytes).
    Removing stm32f0xx_ll_gpio.o(.revsh_text), (4 bytes).
    Removing stm32f0xx_ll_gpio.o(i.LL_AHB1_GRP1_ForceReset), (16 bytes).
    Removing stm32f0xx_ll_gpio.o(i.LL_AHB1_GRP1_ReleaseReset), (16 bytes).
    Removing stm32f0xx_ll_gpio.o(i.LL_GPIO_DeInit), (96 bytes).
    Removing stm32f0xx_ll_gpio.o(i.LL_GPIO_StructInit), (24 bytes).
    Removing stm32f0xx_ll_adc.o(.rev16_text), (4 bytes).
    Removing stm32f0xx_ll_adc.o(.revsh_text), (4 bytes).
    Removing stm32f0xx_ll_adc.o(i.LL_ADC_CommonDeInit), (28 bytes).
    Removing stm32f0xx_ll_adc.o(i.LL_ADC_DeInit), (192 bytes).
    Removing stm32f0xx_ll_adc.o(i.LL_ADC_REG_StructInit), (18 bytes).
    Removing stm32f0xx_ll_adc.o(i.LL_ADC_StructInit), (16 bytes).
    Removing stm32f0xx_ll_dma.o(.rev16_text), (4 bytes).
    Removing stm32f0xx_ll_dma.o(.revsh_text), (4 bytes).
    Removing stm32f0xx_ll_dma.o(i.LL_DMA_DeInit), (124 bytes).
    Removing stm32f0xx_ll_dma.o(i.LL_DMA_Init), (92 bytes).
    Removing stm32f0xx_ll_dma.o(i.LL_DMA_StructInit), (24 bytes).
    Removing stm32f0xx_ll_dma.o(.constdata), (5 bytes).
    Removing stm32f0xx_ll_i2c.o(.rev16_text), (4 bytes).
    Removing stm32f0xx_ll_i2c.o(.revsh_text), (4 bytes).
    Removing stm32f0xx_ll_i2c.o(i.LL_I2C_DeInit), (40 bytes).
    Removing stm32f0xx_ll_i2c.o(i.LL_I2C_StructInit), (22 bytes).
    Removing stm32f0xx_ll_pwr.o(.rev16_text), (4 bytes).
    Removing stm32f0xx_ll_pwr.o(.revsh_text), (4 bytes).
    Removing stm32f0xx_ll_pwr.o(i.LL_PWR_DeInit), (28 bytes).
    Removing stm32f0xx_ll_exti.o(.rev16_text), (4 bytes).
    Removing stm32f0xx_ll_exti.o(.revsh_text), (4 bytes).
    Removing stm32f0xx_ll_exti.o(i.LL_EXTI_DeInit), (36 bytes).
    Removing stm32f0xx_ll_exti.o(i.LL_EXTI_Init), (160 bytes).
    Removing stm32f0xx_ll_exti.o(i.LL_EXTI_StructInit), (14 bytes).
    Removing stm32f0xx_ll_tim.o(.rev16_text), (4 bytes).
    Removing stm32f0xx_ll_tim.o(.revsh_text), (4 bytes).
    Removing stm32f0xx_ll_tim.o(i.LL_TIM_BDTR_Init), (74 bytes).
    Removing stm32f0xx_ll_tim.o(i.LL_TIM_BDTR_StructInit), (18 bytes).
    Removing stm32f0xx_ll_tim.o(i.LL_TIM_DeInit), (120 bytes).
    Removing stm32f0xx_ll_tim.o(i.LL_TIM_ENCODER_Init), (96 bytes).
    Removing stm32f0xx_ll_tim.o(i.LL_TIM_ENCODER_StructInit), (28 bytes).
    Removing stm32f0xx_ll_tim.o(i.LL_TIM_HALLSENSOR_Init), (88 bytes).
    Removing stm32f0xx_ll_tim.o(i.LL_TIM_HALLSENSOR_StructInit), (12 bytes).
    Removing stm32f0xx_ll_tim.o(i.LL_TIM_IC_Init), (216 bytes).
    Removing stm32f0xx_ll_tim.o(i.LL_TIM_IC_StructInit), (14 bytes).
    Removing stm32f0xx_ll_tim.o(i.LL_TIM_OC_StructInit), (20 bytes).
    Removing stm32f0xx_ll_tim.o(i.LL_TIM_StructInit), (16 bytes).
    Removing stm32f0xx_ll_usart.o(.rev16_text), (4 bytes).
    Removing stm32f0xx_ll_usart.o(.revsh_text), (4 bytes).
    Removing stm32f0xx_ll_usart.o(i.LL_USART_ClockInit), (60 bytes).
    Removing stm32f0xx_ll_usart.o(i.LL_USART_ClockStructInit), (12 bytes).
    Removing stm32f0xx_ll_usart.o(i.LL_USART_DeInit), (68 bytes).
    Removing stm32f0xx_ll_usart.o(i.LL_USART_StructInit), (24 bytes).
    Removing stm32f0xx_ll_rcc.o(.rev16_text), (4 bytes).
    Removing stm32f0xx_ll_rcc.o(.revsh_text), (4 bytes).
    Removing stm32f0xx_ll_rcc.o(i.LL_RCC_DeInit), (100 bytes).
    Removing stm32f0xx_ll_rcc.o(i.LL_RCC_GetI2CClockFreq), (48 bytes).
    Removing stm32f0xx_ll_rcc.o(i.LL_RCC_GetUSBClockFreq), (40 bytes).
    Removing stm32f0xx_ll_utils.o(.rev16_text), (4 bytes).
    Removing stm32f0xx_ll_utils.o(.revsh_text), (4 bytes).
    Removing stm32f0xx_ll_utils.o(i.LL_PLL_ConfigSystemClock_HSE), (100 bytes).
    Removing stm32f0xx_ll_utils.o(i.LL_PLL_ConfigSystemClock_HSI), (84 bytes).
    Removing stm32f0xx_ll_utils.o(i.LL_RCC_PLL_ConfigDomain_SYS), (36 bytes).
    Removing stm32f0xx_ll_utils.o(i.LL_mDelay), (32 bytes).
    Removing stm32f0xx_ll_utils.o(i.UTILS_EnablePLLAndSwitchSystem), (152 bytes).
    Removing stm32f0xx_ll_utils.o(i.UTILS_GetPLLOutputFrequency), (28 bytes).
    Removing stm32f0xx_ll_utils.o(i.UTILS_PLL_IsBusy), (20 bytes).
    Removing stm32f0xx_ll_utils.o(i.UTILS_SetFlashLatency), (52 bytes).
    Removing system_stm32f0xx.o(.rev16_text), (4 bytes).
    Removing system_stm32f0xx.o(.revsh_text), (4 bytes).
    Removing system_stm32f0xx.o(i.SystemCoreClockUpdate), (88 bytes).

96 unused section(s) (total 3369 bytes) removed from the image.

==============================================================================

Image Symbol Table

    Local Symbols

    Symbol Name                              Value     Ov Type        Size  Object(Section)

    ..//Src/system_stm32f0xx.c               0x00000000   Number         0  system_stm32f0xx.o ABSOLUTE
    ../Drivers/STM32F0xx_HAL_Driver/Src/stm32f0xx_ll_adc.c 0x00000000   Number         0  stm32f0xx_ll_adc.o ABSOLUTE
    ../Drivers/STM32F0xx_HAL_Driver/Src/stm32f0xx_ll_dma.c 0x00000000   Number         0  stm32f0xx_ll_dma.o ABSOLUTE
    ../Drivers/STM32F0xx_HAL_Driver/Src/stm32f0xx_ll_exti.c 0x00000000   Number         0  stm32f0xx_ll_exti.o ABSOLUTE
    ../Drivers/STM32F0xx_HAL_Driver/Src/stm32f0xx_ll_gpio.c 0x00000000   Number         0  stm32f0xx_ll_gpio.o ABSOLUTE
    ../Drivers/STM32F0xx_HAL_Driver/Src/stm32f0xx_ll_i2c.c 0x00000000   Number         0  stm32f0xx_ll_i2c.o ABSOLUTE
    ../Drivers/STM32F0xx_HAL_Driver/Src/stm32f0xx_ll_pwr.c 0x00000000   Number         0  stm32f0xx_ll_pwr.o ABSOLUTE
    ../Drivers/STM32F0xx_HAL_Driver/Src/stm32f0xx_ll_rcc.c 0x00000000   Number         0  stm32f0xx_ll_rcc.o ABSOLUTE
    ../Drivers/STM32F0xx_HAL_Driver/Src/stm32f0xx_ll_tim.c 0x00000000   Number         0  stm32f0xx_ll_tim.o ABSOLUTE
    ../Drivers/STM32F0xx_HAL_Driver/Src/stm32f0xx_ll_usart.c 0x00000000   Number         0  stm32f0xx_ll_usart.o ABSOLUTE
    ../Drivers/STM32F0xx_HAL_Driver/Src/stm32f0xx_ll_utils.c 0x00000000   Number         0  stm32f0xx_ll_utils.o ABSOLUTE
    ../Src/adc.c                             0x00000000   Number         0  adc.o ABSOLUTE
    ../Src/dma.c                             0x00000000   Number         0  dma.o ABSOLUTE
    ../Src/gpio.c                            0x00000000   Number         0  gpio.o ABSOLUTE
    ../Src/i2c.c                             0x00000000   Number         0  i2c.o ABSOLUTE
    ../Src/main.c                            0x00000000   Number         0  main.o ABSOLUTE
    ../Src/stm32f0xx_it.c                    0x00000000   Number         0  stm32f0xx_it.o ABSOLUTE
    ../Src/tim.c                             0x00000000   Number         0  tim.o ABSOLUTE
    ../Src/usart.c                           0x00000000   Number         0  usart.o ABSOLUTE
    ../clib/microlib/division.c              0x00000000   Number         0  uldiv.o ABSOLUTE
    ../clib/microlib/division.c              0x00000000   Number         0  uidiv.o ABSOLUTE
    ../clib/microlib/division.c              0x00000000   Number         0  ldiv.o ABSOLUTE
    ../clib/microlib/init/entry.s            0x00000000   Number         0  entry11a.o ABSOLUTE
    ../clib/microlib/init/entry.s            0x00000000   Number         0  entry10a.o ABSOLUTE
    ../clib/microlib/init/entry.s            0x00000000   Number         0  entry9b.o ABSOLUTE
    ../clib/microlib/init/entry.s            0x00000000   Number         0  entry9a.o ABSOLUTE
    ../clib/microlib/init/entry.s            0x00000000   Number         0  entry8b.o ABSOLUTE
    ../clib/microlib/init/entry.s            0x00000000   Number         0  entry7b.o ABSOLUTE
    ../clib/microlib/init/entry.s            0x00000000   Number         0  entry10b.o ABSOLUTE
    ../clib/microlib/init/entry.s            0x00000000   Number         0  entry5.o ABSOLUTE
    ../clib/microlib/init/entry.s            0x00000000   Number         0  entry2.o ABSOLUTE
    ../clib/microlib/init/entry.s            0x00000000   Number         0  entry7a.o ABSOLUTE
    ../clib/microlib/init/entry.s            0x00000000   Number         0  entry.o ABSOLUTE
    ../clib/microlib/init/entry.s            0x00000000   Number         0  entry8a.o ABSOLUTE
    ../clib/microlib/init/entry.s            0x00000000   Number         0  entry11b.o ABSOLUTE
    ../clib/microlib/longlong.c              0x00000000   Number         0  llshl.o ABSOLUTE
    ../clib/microlib/longlong.c              0x00000000   Number         0  llushr.o ABSOLUTE
    ..\Drivers\STM32F0xx_HAL_Driver\Src\stm32f0xx_ll_adc.c 0x00000000   Number         0  stm32f0xx_ll_adc.o ABSOLUTE
    ..\Drivers\STM32F0xx_HAL_Driver\Src\stm32f0xx_ll_dma.c 0x00000000   Number         0  stm32f0xx_ll_dma.o ABSOLUTE
    ..\Drivers\STM32F0xx_HAL_Driver\Src\stm32f0xx_ll_exti.c 0x00000000   Number         0  stm32f0xx_ll_exti.o ABSOLUTE
    ..\Drivers\STM32F0xx_HAL_Driver\Src\stm32f0xx_ll_gpio.c 0x00000000   Number         0  stm32f0xx_ll_gpio.o ABSOLUTE
    ..\Drivers\STM32F0xx_HAL_Driver\Src\stm32f0xx_ll_i2c.c 0x00000000   Number         0  stm32f0xx_ll_i2c.o ABSOLUTE
    ..\Drivers\STM32F0xx_HAL_Driver\Src\stm32f0xx_ll_pwr.c 0x00000000   Number         0  stm32f0xx_ll_pwr.o ABSOLUTE
    ..\Drivers\STM32F0xx_HAL_Driver\Src\stm32f0xx_ll_rcc.c 0x00000000   Number         0  stm32f0xx_ll_rcc.o ABSOLUTE
    ..\Drivers\STM32F0xx_HAL_Driver\Src\stm32f0xx_ll_tim.c 0x00000000   Number         0  stm32f0xx_ll_tim.o ABSOLUTE
    ..\Drivers\STM32F0xx_HAL_Driver\Src\stm32f0xx_ll_usart.c 0x00000000   Number         0  stm32f0xx_ll_usart.o ABSOLUTE
    ..\Drivers\STM32F0xx_HAL_Driver\Src\stm32f0xx_ll_utils.c 0x00000000   Number         0  stm32f0xx_ll_utils.o ABSOLUTE
    ..\Src\adc.c                             0x00000000   Number         0  adc.o ABSOLUTE
    ..\Src\dma.c                             0x00000000   Number         0  dma.o ABSOLUTE
    ..\Src\gpio.c                            0x00000000   Number         0  gpio.o ABSOLUTE
    ..\Src\i2c.c                             0x00000000   Number         0  i2c.o ABSOLUTE
    ..\Src\main.c                            0x00000000   Number         0  main.o ABSOLUTE
    ..\Src\stm32f0xx_it.c                    0x00000000   Number         0  stm32f0xx_it.o ABSOLUTE
    ..\Src\tim.c                             0x00000000   Number         0  tim.o ABSOLUTE
    ..\Src\usart.c                           0x00000000   Number         0  usart.o ABSOLUTE
    ..\\Src\system_stm32f0xx.c               0x00000000   Number         0  system_stm32f0xx.o ABSOLUTE
    dc.s                                     0x00000000   Number         0  dc.o ABSOLUTE
    handlers.s                               0x00000000   Number         0  handlers.o ABSOLUTE
    init.s                                   0x00000000   Number         0  init.o ABSOLUTE
    startup_stm32f070x6.s                    0x00000000   Number         0  startup_stm32f070x6.o ABSOLUTE
    RESET                                    0x08000000   Section      192  startup_stm32f070x6.o(RESET)
    .ARM.Collect$$$$00000000                 0x080000c0   Section        0  entry.o(.ARM.Collect$$$$00000000)
    .ARM.Collect$$$$00000001                 0x080000c0   Section        4  entry2.o(.ARM.Collect$$$$00000001)
    .ARM.Collect$$$$00000004                 0x080000c4   Section        4  entry5.o(.ARM.Collect$$$$00000004)
    .ARM.Collect$$$$00000008                 0x080000c8   Section        0  entry7b.o(.ARM.Collect$$$$00000008)
    .ARM.Collect$$$$0000000A                 0x080000c8   Section        0  entry8b.o(.ARM.Collect$$$$0000000A)
    .ARM.Collect$$$$0000000B                 0x080000c8   Section        8  entry9a.o(.ARM.Collect$$$$0000000B)
    .ARM.Collect$$$$0000000D                 0x080000d0   Section        0  entry10a.o(.ARM.Collect$$$$0000000D)
    .ARM.Collect$$$$0000000F                 0x080000d0   Section        0  entry11a.o(.ARM.Collect$$$$0000000F)
    .ARM.Collect$$$$00002712                 0x080000d0   Section        4  entry2.o(.ARM.Collect$$$$00002712)
    __lit__00000000                          0x080000d0   Data           4  entry2.o(.ARM.Collect$$$$00002712)
    .text                                    0x080000d4   Section       88  startup_stm32f070x6.o(.text)
    .text                                    0x0800012c   Section        0  uidiv.o(.text)
    .text                                    0x08000158   Section        0  ldiv.o(.text)
    .text                                    0x080001a4   Section        0  uldiv.o(.text)
    .text                                    0x08000204   Section       36  init.o(.text)
    .text                                    0x08000228   Section        0  llshl.o(.text)
    .text                                    0x08000248   Section        0  llushr.o(.text)
    i.ADC1_IRQHandler                        0x0800026c   Section        0  stm32f0xx_it.o(i.ADC1_IRQHandler)
    i.Configure_DMA                          0x0800028c   Section        0  main.o(i.Configure_DMA)
    i.Configure_USART                        0x080002e8   Section        0  main.o(i.Configure_USART)
    i.DMA1_Channel1_IRQHandler               0x080003b8   Section        0  stm32f0xx_it.o(i.DMA1_Channel1_IRQHandler)
    i.DMA1_Channel4_5_IRQHandler             0x080003d8   Section        0  stm32f0xx_it.o(i.DMA1_Channel4_5_IRQHandler)
    i.HardFault_Handler                      0x080003fc   Section        0  stm32f0xx_it.o(i.HardFault_Handler)
    i.LL_ADC_Init                            0x08000400   Section        0  stm32f0xx_ll_adc.o(i.LL_ADC_Init)
    i.LL_ADC_REG_Init                        0x0800042c   Section        0  stm32f0xx_ll_adc.o(i.LL_ADC_REG_Init)
    i.LL_AHB1_GRP1_EnableClock               0x0800045c   Section        0  main.o(i.LL_AHB1_GRP1_EnableClock)
    LL_AHB1_GRP1_EnableClock                 0x0800045d   Thumb Code    18  main.o(i.LL_AHB1_GRP1_EnableClock)
    i.LL_AHB1_GRP1_EnableClock               0x08000474   Section        0  gpio.o(i.LL_AHB1_GRP1_EnableClock)
    LL_AHB1_GRP1_EnableClock                 0x08000475   Thumb Code    18  gpio.o(i.LL_AHB1_GRP1_EnableClock)
    i.LL_APB1_GRP1_EnableClock               0x0800048c   Section        0  main.o(i.LL_APB1_GRP1_EnableClock)
    LL_APB1_GRP1_EnableClock                 0x0800048d   Thumb Code    18  main.o(i.LL_APB1_GRP1_EnableClock)
    i.LL_DMA_ConfigAddresses                 0x080004a4   Section        0  main.o(i.LL_DMA_ConfigAddresses)
    LL_DMA_ConfigAddresses                   0x080004a5   Thumb Code    38  main.o(i.LL_DMA_ConfigAddresses)
    i.LL_DMA_EnableChannel                   0x080004d0   Section        0  main.o(i.LL_DMA_EnableChannel)
    LL_DMA_EnableChannel                     0x080004d1   Thumb Code    18  main.o(i.LL_DMA_EnableChannel)
    i.LL_DMA_EnableIT_TC                     0x080004e8   Section        0  main.o(i.LL_DMA_EnableIT_TC)
    LL_DMA_EnableIT_TC                       0x080004e9   Thumb Code    18  main.o(i.LL_DMA_EnableIT_TC)
    i.LL_DMA_SetDataLength                   0x08000500   Section        0  main.o(i.LL_DMA_SetDataLength)
    LL_DMA_SetDataLength                     0x08000501   Thumb Code    22  main.o(i.LL_DMA_SetDataLength)
    i.LL_GPIO_Init                           0x0800051c   Section        0  stm32f0xx_ll_gpio.o(i.LL_GPIO_Init)
    i.LL_GPIO_SetAFPin_0_7                   0x080005c4   Section        0  main.o(i.LL_GPIO_SetAFPin_0_7)
    LL_GPIO_SetAFPin_0_7                     0x080005c5   Thumb Code    26  main.o(i.LL_GPIO_SetAFPin_0_7)
    i.LL_GPIO_SetPinMode                     0x080005de   Section        0  main.o(i.LL_GPIO_SetPinMode)
    LL_GPIO_SetPinMode                       0x080005df   Thumb Code    20  main.o(i.LL_GPIO_SetPinMode)
    i.LL_GPIO_SetPinPull                     0x080005f2   Section        0  main.o(i.LL_GPIO_SetPinPull)
    LL_GPIO_SetPinPull                       0x080005f3   Thumb Code    20  main.o(i.LL_GPIO_SetPinPull)
    i.LL_GPIO_SetPinSpeed                    0x08000606   Section        0  main.o(i.LL_GPIO_SetPinSpeed)
    LL_GPIO_SetPinSpeed                      0x08000607   Thumb Code    20  main.o(i.LL_GPIO_SetPinSpeed)
    i.LL_I2C_Init                            0x0800061a   Section        0  stm32f0xx_ll_i2c.o(i.LL_I2C_Init)
    i.LL_Init1msTick                         0x08000688   Section        0  stm32f0xx_ll_utils.o(i.LL_Init1msTick)
    i.LL_RCC_GetSystemClocksFreq             0x080006a8   Section        0  stm32f0xx_ll_rcc.o(i.LL_RCC_GetSystemClocksFreq)
    i.LL_RCC_GetUSARTClockFreq               0x080006c0   Section        0  stm32f0xx_ll_rcc.o(i.LL_RCC_GetUSARTClockFreq)
    i.LL_SetSystemCoreClock                  0x08000714   Section        0  stm32f0xx_ll_utils.o(i.LL_SetSystemCoreClock)
    i.LL_TIM_IC_SetActiveInput               0x08000720   Section        0  tim.o(i.LL_TIM_IC_SetActiveInput)
    LL_TIM_IC_SetActiveInput                 0x08000721   Thumb Code    90  tim.o(i.LL_TIM_IC_SetActiveInput)
    i.LL_TIM_IC_SetFilter                    0x08000780   Section        0  tim.o(i.LL_TIM_IC_SetFilter)
    LL_TIM_IC_SetFilter                      0x08000781   Thumb Code    90  tim.o(i.LL_TIM_IC_SetFilter)
    i.LL_TIM_IC_SetPolarity                  0x080007e0   Section        0  tim.o(i.LL_TIM_IC_SetPolarity)
    LL_TIM_IC_SetPolarity                    0x080007e1   Thumb Code    78  tim.o(i.LL_TIM_IC_SetPolarity)
    i.LL_TIM_IC_SetPrescaler                 0x08000834   Section        0  tim.o(i.LL_TIM_IC_SetPrescaler)
    LL_TIM_IC_SetPrescaler                   0x08000835   Thumb Code    90  tim.o(i.LL_TIM_IC_SetPrescaler)
    i.LL_TIM_Init                            0x08000894   Section        0  stm32f0xx_ll_tim.o(i.LL_TIM_Init)
    i.LL_TIM_OC_DisableFast                  0x0800090c   Section        0  tim.o(i.LL_TIM_OC_DisableFast)
    LL_TIM_OC_DisableFast                    0x0800090d   Thumb Code    82  tim.o(i.LL_TIM_OC_DisableFast)
    i.LL_TIM_OC_EnablePreload                0x08000964   Section        0  tim.o(i.LL_TIM_OC_EnablePreload)
    LL_TIM_OC_EnablePreload                  0x08000965   Thumb Code    82  tim.o(i.LL_TIM_OC_EnablePreload)
    i.LL_TIM_OC_Init                         0x080009bc   Section        0  stm32f0xx_ll_tim.o(i.LL_TIM_OC_Init)
    i.LL_USART_Init                          0x08000a00   Section        0  stm32f0xx_ll_usart.o(i.LL_USART_Init)
    i.MX_ADC_Init                            0x08000aac   Section        0  adc.o(i.MX_ADC_Init)
    i.MX_DMA_Init                            0x08000bf8   Section        0  dma.o(i.MX_DMA_Init)
    i.MX_GPIO_Init                           0x08000c34   Section        0  gpio.o(i.MX_GPIO_Init)
    i.MX_I2C1_Init                           0x08000c88   Section        0  i2c.o(i.MX_I2C1_Init)
    i.MX_TIM1_Init                           0x08000d28   Section        0  tim.o(i.MX_TIM1_Init)
    i.MX_TIM3_Init                           0x08000e14   Section        0  tim.o(i.MX_TIM3_Init)
    i.MX_USART2_UART_Init                    0x08000f3c   Section        0  usart.o(i.MX_USART2_UART_Init)
    i.NMI_Handler                            0x08001038   Section        0  stm32f0xx_it.o(i.NMI_Handler)
    i.NVIC_SetPriority                       0x0800103c   Section        0  main.o(i.NVIC_SetPriority)
    NVIC_SetPriority                         0x0800103d   Thumb Code    60  main.o(i.NVIC_SetPriority)
    i.NVIC_SetPriority                       0x08001080   Section        0  dma.o(i.NVIC_SetPriority)
    NVIC_SetPriority                         0x08001081   Thumb Code    60  dma.o(i.NVIC_SetPriority)
    i.OC1Config                              0x080010c4   Section        0  stm32f0xx_ll_tim.o(i.OC1Config)
    OC1Config                                0x080010c5   Thumb Code   118  stm32f0xx_ll_tim.o(i.OC1Config)
    i.OC2Config                              0x08001148   Section        0  stm32f0xx_ll_tim.o(i.OC2Config)
    OC2Config                                0x08001149   Thumb Code   122  stm32f0xx_ll_tim.o(i.OC2Config)
    i.OC3Config                              0x080011d0   Section        0  stm32f0xx_ll_tim.o(i.OC3Config)
    OC3Config                                0x080011d1   Thumb Code   128  stm32f0xx_ll_tim.o(i.OC3Config)
    i.OC4Config                              0x0800125c   Section        0  stm32f0xx_ll_tim.o(i.OC4Config)
    OC4Config                                0x0800125d   Thumb Code    92  stm32f0xx_ll_tim.o(i.OC4Config)
    i.PendSV_Handler                         0x080012c4   Section        0  stm32f0xx_it.o(i.PendSV_Handler)
    i.RCC_GetHCLKClockFreq                   0x080012c8   Section        0  stm32f0xx_ll_rcc.o(i.RCC_GetHCLKClockFreq)
    i.RCC_GetPCLK1ClockFreq                  0x080012e4   Section        0  stm32f0xx_ll_rcc.o(i.RCC_GetPCLK1ClockFreq)
    i.RCC_GetSystemClockFreq                 0x080012fc   Section        0  stm32f0xx_ll_rcc.o(i.RCC_GetSystemClockFreq)
    i.RCC_PLL_GetFreqDomain_SYS              0x08001320   Section        0  stm32f0xx_ll_rcc.o(i.RCC_PLL_GetFreqDomain_SYS)
    i.SVC_Handler                            0x0800134c   Section        0  stm32f0xx_it.o(i.SVC_Handler)
    i.StartTransfers                         0x08001350   Section        0  main.o(i.StartTransfers)
    i.SysTick_Handler                        0x0800138c   Section        0  stm32f0xx_it.o(i.SysTick_Handler)
    i.SystemClock_Config                     0x08001390   Section        0  main.o(i.SystemClock_Config)
    i.SystemInit                             0x08001470   Section        0  system_stm32f0xx.o(i.SystemInit)
    i.TIM3_IRQHandler                        0x080014d4   Section        0  stm32f0xx_it.o(i.TIM3_IRQHandler)
    i._IQsin                                 0x080014f8   Section        0  main.o(i._IQsin)
    i.__ARM_common_ll_mulss                  0x08001558   Section        0  main.o(i.__ARM_common_ll_mulss)
    i.__scatterload_copy                     0x08001588   Section       14  handlers.o(i.__scatterload_copy)
    i.__scatterload_null                     0x08001596   Section        2  handlers.o(i.__scatterload_null)
    i.__scatterload_zeroinit                 0x08001598   Section       14  handlers.o(i.__scatterload_zeroinit)
    i.escSystemStart                         0x080015a8   Section        0  main.o(i.escSystemStart)
    i.main                                   0x08001670   Section        0  main.o(i.main)
    i.newSample_callback                     0x08001774   Section        0  main.o(i.newSample_callback)
    i.updateFrame                            0x080018d8   Section        0  main.o(i.updateFrame)
    .constdata                               0x0800192c   Section        5  main.o(.constdata)
    CHANNEL_OFFSET_TAB                       0x0800192c   Data           5  main.o(.constdata)
    .constdata                               0x08001931   Section        5  adc.o(.constdata)
    CHANNEL_OFFSET_TAB                       0x08001931   Data           5  adc.o(.constdata)
    .constdata                               0x08001936   Section       28  tim.o(.constdata)
    OFFSET_TAB_CCMRx                         0x08001936   Data           7  tim.o(.constdata)
    SHIFT_TAB_OCxx                           0x0800193d   Data           7  tim.o(.constdata)
    SHIFT_TAB_ICxx                           0x08001944   Data           7  tim.o(.constdata)
    SHIFT_TAB_CCxP                           0x0800194b   Data           7  tim.o(.constdata)
    .constdata                               0x08001952   Section        5  usart.o(.constdata)
    CHANNEL_OFFSET_TAB                       0x08001952   Data           5  usart.o(.constdata)
    .constdata                               0x08001957   Section       16  system_stm32f0xx.o(.constdata)
    .constdata                               0x08001967   Section        8  system_stm32f0xx.o(.constdata)
    .data                                    0x20000000   Section       68  main.o(.data)
    ramp                                     0x20000002   Data           2  main.o(.data)
    tetaTmp1                                 0x20000018   Data           4  main.o(.data)
    tetaTmp2                                 0x2000001c   Data           4  main.o(.data)
    .data                                    0x20000044   Section        4  system_stm32f0xx.o(.data)
    .bss                                     0x20000048   Section     2062  main.o(.bss)
    STACK                                    0x20000858   Section     1024  startup_stm32f070x6.o(STACK)

    Global Symbols

    Symbol Name                              Value     Ov Type        Size  Object(Section)

    BuildAttributes$$THM_ISAv3M$S$PE$A:L22$X:L11$S22$IEEE1$IW$USESV6$~STKCKD$USESV7$~SHL$OSPACE$EBA8$MICROLIB$REQ8$PRES8$EABIv2 0x00000000   Number         0  anon$$obj.o ABSOLUTE
    __ARM_use_no_argv                        0x00000000   Number         0  main.o ABSOLUTE
    __cpp_initialize__aeabi_                  - Undefined Weak Reference
    __cxa_finalize                            - Undefined Weak Reference
    __decompress                              - Undefined Weak Reference
    _clock_init                               - Undefined Weak Reference
    _microlib_exit                            - Undefined Weak Reference
    __Vectors_Size                           0x000000c0   Number         0  startup_stm32f070x6.o ABSOLUTE
    __Vectors                                0x08000000   Data           4  startup_stm32f070x6.o(RESET)
    __Vectors_End                            0x080000c0   Data           0  startup_stm32f070x6.o(RESET)
    __main                                   0x080000c1   Thumb Code     0  entry.o(.ARM.Collect$$$$00000000)
    _main_stk                                0x080000c1   Thumb Code     0  entry2.o(.ARM.Collect$$$$00000001)
    _main_scatterload                        0x080000c5   Thumb Code     0  entry5.o(.ARM.Collect$$$$00000004)
    __main_after_scatterload                 0x080000c9   Thumb Code     0  entry5.o(.ARM.Collect$$$$00000004)
    _main_clock                              0x080000c9   Thumb Code     0  entry7b.o(.ARM.Collect$$$$00000008)
    _main_cpp_init                           0x080000c9   Thumb Code     0  entry8b.o(.ARM.Collect$$$$0000000A)
    _main_init                               0x080000c9   Thumb Code     0  entry9a.o(.ARM.Collect$$$$0000000B)
    __rt_final_cpp                           0x080000d1   Thumb Code     0  entry10a.o(.ARM.Collect$$$$0000000D)
    __rt_final_exit                          0x080000d1   Thumb Code     0  entry11a.o(.ARM.Collect$$$$0000000F)
    Reset_Handler                            0x080000d5   Thumb Code    38  startup_stm32f070x6.o(.text)
    DMA1_Channel2_3_IRQHandler               0x08000105   Thumb Code     0  startup_stm32f070x6.o(.text)
    EXTI0_1_IRQHandler                       0x08000105   Thumb Code     0  startup_stm32f070x6.o(.text)
    EXTI2_3_IRQHandler                       0x08000105   Thumb Code     0  startup_stm32f070x6.o(.text)
    EXTI4_15_IRQHandler                      0x08000105   Thumb Code     0  startup_stm32f070x6.o(.text)
    FLASH_IRQHandler                         0x08000105   Thumb Code     0  startup_stm32f070x6.o(.text)
    I2C1_IRQHandler                          0x08000105   Thumb Code     0  startup_stm32f070x6.o(.text)
    RCC_IRQHandler                           0x08000105   Thumb Code     0  startup_stm32f070x6.o(.text)
    RTC_IRQHandler                           0x08000105   Thumb Code     0  startup_stm32f070x6.o(.text)
    SPI1_IRQHandler                          0x08000105   Thumb Code     0  startup_stm32f070x6.o(.text)
    TIM14_IRQHandler                         0x08000105   Thumb Code     0  startup_stm32f070x6.o(.text)
    TIM16_IRQHandler                         0x08000105   Thumb Code     0  startup_stm32f070x6.o(.text)
    TIM17_IRQHandler                         0x08000105   Thumb Code     0  startup_stm32f070x6.o(.text)
    TIM1_BRK_UP_TRG_COM_IRQHandler           0x08000105   Thumb Code     0  startup_stm32f070x6.o(.text)
    TIM1_CC_IRQHandler                       0x08000105   Thumb Code     0  startup_stm32f070x6.o(.text)
    USART1_IRQHandler                        0x08000105   Thumb Code     0  startup_stm32f070x6.o(.text)
    USART2_IRQHandler                        0x08000105   Thumb Code     0  startup_stm32f070x6.o(.text)
    USB_IRQHandler                           0x08000105   Thumb Code     0  startup_stm32f070x6.o(.text)
    WWDG_IRQHandler                          0x08000105   Thumb Code     0  startup_stm32f070x6.o(.text)
    __aeabi_uidiv                            0x0800012d   Thumb Code     0  uidiv.o(.text)
    __aeabi_uidivmod                         0x0800012d   Thumb Code    44  uidiv.o(.text)
    __aeabi_ldivmod                          0x08000159   Thumb Code    76  ldiv.o(.text)
    __aeabi_uldivmod                         0x080001a5   Thumb Code    96  uldiv.o(.text)
    __scatterload                            0x08000205   Thumb Code    28  init.o(.text)
    __scatterload_rt2                        0x08000205   Thumb Code     0  init.o(.text)
    __aeabi_llsl                             0x08000229   Thumb Code    32  llshl.o(.text)
    _ll_shift_l                              0x08000229   Thumb Code     0  llshl.o(.text)
    __aeabi_llsr                             0x08000249   Thumb Code    34  llushr.o(.text)
    _ll_ushift_r                             0x08000249   Thumb Code     0  llushr.o(.text)
    ADC1_IRQHandler                          0x0800026d   Thumb Code    28  stm32f0xx_it.o(i.ADC1_IRQHandler)
    Configure_DMA                            0x0800028d   Thumb Code    68  main.o(i.Configure_DMA)
    Configure_USART                          0x080002e9   Thumb Code   194  main.o(i.Configure_USART)
    DMA1_Channel1_IRQHandler                 0x080003b9   Thumb Code    26  stm32f0xx_it.o(i.DMA1_Channel1_IRQHandler)
    DMA1_Channel4_5_IRQHandler               0x080003d9   Thumb Code    30  stm32f0xx_it.o(i.DMA1_Channel4_5_IRQHandler)
    HardFault_Handler                        0x080003fd   Thumb Code     2  stm32f0xx_it.o(i.HardFault_Handler)
    LL_ADC_Init                              0x08000401   Thumb Code    38  stm32f0xx_ll_adc.o(i.LL_ADC_Init)
    LL_ADC_REG_Init                          0x0800042d   Thumb Code    44  stm32f0xx_ll_adc.o(i.LL_ADC_REG_Init)
    LL_GPIO_Init                             0x0800051d   Thumb Code   168  stm32f0xx_ll_gpio.o(i.LL_GPIO_Init)
    LL_I2C_Init                              0x0800061b   Thumb Code   108  stm32f0xx_ll_i2c.o(i.LL_I2C_Init)
    LL_Init1msTick                           0x08000689   Thumb Code    26  stm32f0xx_ll_utils.o(i.LL_Init1msTick)
    LL_RCC_GetSystemClocksFreq               0x080006a9   Thumb Code    24  stm32f0xx_ll_rcc.o(i.LL_RCC_GetSystemClocksFreq)
    LL_RCC_GetUSARTClockFreq                 0x080006c1   Thumb Code    76  stm32f0xx_ll_rcc.o(i.LL_RCC_GetUSARTClockFreq)
    LL_SetSystemCoreClock                    0x08000715   Thumb Code     6  stm32f0xx_ll_utils.o(i.LL_SetSystemCoreClock)
    LL_TIM_Init                              0x08000895   Thumb Code    98  stm32f0xx_ll_tim.o(i.LL_TIM_Init)
    LL_TIM_OC_Init                           0x080009bd   Thumb Code    68  stm32f0xx_ll_tim.o(i.LL_TIM_OC_Init)
    LL_USART_Init                            0x08000a01   Thumb Code   156  stm32f0xx_ll_usart.o(i.LL_USART_Init)
    MX_ADC_Init                              0x08000aad   Thumb Code   304  adc.o(i.MX_ADC_Init)
    MX_DMA_Init                              0x08000bf9   Thumb Code    50  dma.o(i.MX_DMA_Init)
    MX_GPIO_Init                             0x08000c35   Thumb Code    84  gpio.o(i.MX_GPIO_Init)
    MX_I2C1_Init                             0x08000c89   Thumb Code   138  i2c.o(i.MX_I2C1_Init)
    MX_TIM1_Init                             0x08000d29   Thumb Code   228  tim.o(i.MX_TIM1_Init)
    MX_TIM3_Init                             0x08000e15   Thumb Code   268  tim.o(i.MX_TIM3_Init)
    MX_USART2_UART_Init                      0x08000f3d   Thumb Code   230  usart.o(i.MX_USART2_UART_Init)
    NMI_Handler                              0x08001039   Thumb Code     2  stm32f0xx_it.o(i.NMI_Handler)
    PendSV_Handler                           0x080012c5   Thumb Code     2  stm32f0xx_it.o(i.PendSV_Handler)
    RCC_GetHCLKClockFreq                     0x080012c9   Thumb Code    18  stm32f0xx_ll_rcc.o(i.RCC_GetHCLKClockFreq)
    RCC_GetPCLK1ClockFreq                    0x080012e5   Thumb Code    16  stm32f0xx_ll_rcc.o(i.RCC_GetPCLK1ClockFreq)
    RCC_GetSystemClockFreq                   0x080012fd   Thumb Code    28  stm32f0xx_ll_rcc.o(i.RCC_GetSystemClockFreq)
    RCC_PLL_GetFreqDomain_SYS                0x08001321   Thumb Code    36  stm32f0xx_ll_rcc.o(i.RCC_PLL_GetFreqDomain_SYS)
    SVC_Handler                              0x0800134d   Thumb Code     2  stm32f0xx_it.o(i.SVC_Handler)
    StartTransfers                           0x08001351   Thumb Code    46  main.o(i.StartTransfers)
    SysTick_Handler                          0x0800138d   Thumb Code     2  stm32f0xx_it.o(i.SysTick_Handler)
    SystemClock_Config                       0x08001391   Thumb Code   206  main.o(i.SystemClock_Config)
    SystemInit                               0x08001471   Thumb Code    86  system_stm32f0xx.o(i.SystemInit)
    TIM3_IRQHandler                          0x080014d5   Thumb Code    32  stm32f0xx_it.o(i.TIM3_IRQHandler)
    _IQsin                                   0x080014f9   Thumb Code    82  main.o(i._IQsin)
    __ARM_common_ll_mulss                    0x08001559   Thumb Code    48  main.o(i.__ARM_common_ll_mulss)
    __scatterload_copy                       0x08001589   Thumb Code    14  handlers.o(i.__scatterload_copy)
    __scatterload_null                       0x08001597   Thumb Code     2  handlers.o(i.__scatterload_null)
    __scatterload_zeroinit                   0x08001599   Thumb Code    14  handlers.o(i.__scatterload_zeroinit)
    escSystemStart                           0x080015a9   Thumb Code   174  main.o(i.escSystemStart)
    main                                     0x08001671   Thumb Code   240  main.o(i.main)
    newSample_callback                       0x08001775   Thumb Code   330  main.o(i.newSample_callback)
    updateFrame                              0x080018d9   Thumb Code    68  main.o(i.updateFrame)
    AHBPrescTable                            0x08001957   Data          16  system_stm32f0xx.o(.constdata)
    APBPrescTable                            0x08001967   Data           8  system_stm32f0xx.o(.constdata)
    Region$$Table$$Base                      0x08001970   Number         0  anon$$obj.o(Region$$Table)
    Region$$Table$$Limit                     0x08001990   Number         0  anon$$obj.o(Region$$Table)
    frameCount                               0x20000000   Data           1  main.o(.data)
    status                                   0x20000001   Data           1  main.o(.data)
    teta                                     0x20000004   Data           4  main.o(.data)
    harmInj0                                 0x20000008   Data           4  main.o(.data)
    harmInj1                                 0x2000000c   Data           4  main.o(.data)
    hmScale0                                 0x20000010   Data           4  main.o(.data)
    hmScale1                                 0x20000014   Data           4  main.o(.data)
    vteta                                    0x20000020   Data           4  main.o(.data)
    vSin                                     0x20000024   Data           4  main.o(.data)
    vangle                                   0x20000028   Data           4  main.o(.data)
    lpf1                                     0x2000002c   Data          24  main.o(.data)
    SystemCoreClock                          0x20000044   Data           4  system_stm32f0xx.o(.data)
    adcData                                  0x20000048   Data          12  main.o(.bss)
    txData                                   0x20000054   Data          10  main.o(.bss)
    streamCh1                                0x2000005e   Data         510  main.o(.bss)
    streamCh2                                0x2000025c   Data         510  main.o(.bss)
    streamCh3                                0x2000045a   Data         510  main.o(.bss)
    streamCh4                                0x20000658   Data         510  main.o(.bss)
    __initial_sp                             0x20000c58   Data           0  startup_stm32f070x6.o(STACK)



==============================================================================

Memory Map of the image

  Image Entry point : 0x080000c1

  Load Region LR_IROM1 (Base: 0x08000000, Size: 0x000019d8, Max: 0x00008000, ABSOLUTE)

    Execution Region ER_IROM1 (Exec base: 0x08000000, Load base: 0x08000000, Size: 0x00001990, Max: 0x00008000, ABSOLUTE)

    Exec Addr    Load Addr    Size         Type   Attr      Idx    E Section Name        Object

    0x08000000   0x08000000   0x000000c0   Data   RO            3    RESET               startup_stm32f070x6.o
    0x080000c0   0x080000c0   0x00000000   Code   RO         1160  * .ARM.Collect$$$$00000000  mc_p.l(entry.o)
    0x080000c0   0x080000c0   0x00000004   Code   RO         1167    .ARM.Collect$$$$00000001  mc_p.l(entry2.o)
    0x080000c4   0x080000c4   0x00000004   Code   RO         1170    .ARM.Collect$$$$00000004  mc_p.l(entry5.o)
    0x080000c8   0x080000c8   0x00000000   Code   RO         1172    .ARM.Collect$$$$00000008  mc_p.l(entry7b.o)
    0x080000c8   0x080000c8   0x00000000   Code   RO         1174    .ARM.Collect$$$$0000000A  mc_p.l(entry8b.o)
    0x080000c8   0x080000c8   0x00000008   Code   RO         1175    .ARM.Collect$$$$0000000B  mc_p.l(entry9a.o)
    0x080000d0   0x080000d0   0x00000000   Code   RO         1177    .ARM.Collect$$$$0000000D  mc_p.l(entry10a.o)
    0x080000d0   0x080000d0   0x00000000   Code   RO         1179    .ARM.Collect$$$$0000000F  mc_p.l(entry11a.o)
    0x080000d0   0x080000d0   0x00000004   Code   RO         1168    .ARM.Collect$$$$00002712  mc_p.l(entry2.o)
    0x080000d4   0x080000d4   0x00000058   Code   RO            4    .text               startup_stm32f070x6.o
    0x0800012c   0x0800012c   0x0000002c   Code   RO         1163    .text               mc_p.l(uidiv.o)
    0x08000158   0x08000158   0x0000004c   Code   RO         1165    .text               mc_p.l(ldiv.o)
    0x080001a4   0x080001a4   0x00000060   Code   RO         1181    .text               mc_p.l(uldiv.o)
    0x08000204   0x08000204   0x00000024   Code   RO         1183    .text               mc_p.l(init.o)
    0x08000228   0x08000228   0x00000020   Code   RO         1185    .text               mc_p.l(llshl.o)
    0x08000248   0x08000248   0x00000022   Code   RO         1187    .text               mc_p.l(llushr.o)
    0x0800026a   0x0800026a   0x00000002   PAD
    0x0800026c   0x0800026c   0x00000020   Code   RO          502    i.ADC1_IRQHandler   stm32f0xx_it.o
    0x0800028c   0x0800028c   0x0000005c   Code   RO           12    i.Configure_DMA     main.o
    0x080002e8   0x080002e8   0x000000d0   Code   RO           13    i.Configure_USART   main.o
    0x080003b8   0x080003b8   0x00000020   Code   RO          503    i.DMA1_Channel1_IRQHandler  stm32f0xx_it.o
    0x080003d8   0x080003d8   0x00000024   Code   RO          504    i.DMA1_Channel4_5_IRQHandler  stm32f0xx_it.o
    0x080003fc   0x080003fc   0x00000002   Code   RO          505    i.HardFault_Handler  stm32f0xx_it.o
    0x080003fe   0x080003fe   0x00000002   PAD
    0x08000400   0x08000400   0x0000002c   Code   RO          635    i.LL_ADC_Init       stm32f0xx_ll_adc.o
    0x0800042c   0x0800042c   0x00000030   Code   RO          636    i.LL_ADC_REG_Init   stm32f0xx_ll_adc.o
    0x0800045c   0x0800045c   0x00000018   Code   RO           14    i.LL_AHB1_GRP1_EnableClock  main.o
    0x08000474   0x08000474   0x00000018   Code   RO          267    i.LL_AHB1_GRP1_EnableClock  gpio.o
    0x0800048c   0x0800048c   0x00000018   Code   RO           15    i.LL_APB1_GRP1_EnableClock  main.o
    0x080004a4   0x080004a4   0x0000002c   Code   RO           16    i.LL_DMA_ConfigAddresses  main.o
    0x080004d0   0x080004d0   0x00000018   Code   RO           17    i.LL_DMA_EnableChannel  main.o
    0x080004e8   0x080004e8   0x00000018   Code   RO           18    i.LL_DMA_EnableIT_TC  main.o
    0x08000500   0x08000500   0x0000001c   Code   RO           19    i.LL_DMA_SetDataLength  main.o
    0x0800051c   0x0800051c   0x000000a8   Code   RO          588    i.LL_GPIO_Init      stm32f0xx_ll_gpio.o
    0x080005c4   0x080005c4   0x0000001a   Code   RO           20    i.LL_GPIO_SetAFPin_0_7  main.o
    0x080005de   0x080005de   0x00000014   Code   RO           21    i.LL_GPIO_SetPinMode  main.o
    0x080005f2   0x080005f2   0x00000014   Code   RO           22    i.LL_GPIO_SetPinPull  main.o
    0x08000606   0x08000606   0x00000014   Code   RO           23    i.LL_GPIO_SetPinSpeed  main.o
    0x0800061a   0x0800061a   0x0000006c   Code   RO          727    i.LL_I2C_Init       stm32f0xx_ll_i2c.o
    0x08000686   0x08000686   0x00000002   PAD
    0x08000688   0x08000688   0x00000020   Code   RO         1053    i.LL_Init1msTick    stm32f0xx_ll_utils.o
    0x080006a8   0x080006a8   0x00000018   Code   RO          986    i.LL_RCC_GetSystemClocksFreq  stm32f0xx_ll_rcc.o
    0x080006c0   0x080006c0   0x00000054   Code   RO          987    i.LL_RCC_GetUSARTClockFreq  stm32f0xx_ll_rcc.o
    0x08000714   0x08000714   0x0000000c   Code   RO         1057    i.LL_SetSystemCoreClock  stm32f0xx_ll_utils.o
    0x08000720   0x08000720   0x00000060   Code   RO          413    i.LL_TIM_IC_SetActiveInput  tim.o
    0x08000780   0x08000780   0x00000060   Code   RO          414    i.LL_TIM_IC_SetFilter  tim.o
    0x080007e0   0x080007e0   0x00000054   Code   RO          415    i.LL_TIM_IC_SetPolarity  tim.o
    0x08000834   0x08000834   0x00000060   Code   RO          416    i.LL_TIM_IC_SetPrescaler  tim.o
    0x08000894   0x08000894   0x00000078   Code   RO          828    i.LL_TIM_Init       stm32f0xx_ll_tim.o
    0x0800090c   0x0800090c   0x00000058   Code   RO          417    i.LL_TIM_OC_DisableFast  tim.o
    0x08000964   0x08000964   0x00000058   Code   RO          418    i.LL_TIM_OC_EnablePreload  tim.o
    0x080009bc   0x080009bc   0x00000044   Code   RO          829    i.LL_TIM_OC_Init    stm32f0xx_ll_tim.o
    0x08000a00   0x08000a00   0x000000ac   Code   RO          940    i.LL_USART_Init     stm32f0xx_ll_usart.o
    0x08000aac   0x08000aac   0x0000014c   Code   RO          322    i.MX_ADC_Init       adc.o
    0x08000bf8   0x08000bf8   0x0000003c   Code   RO          359    i.MX_DMA_Init       dma.o
    0x08000c34   0x08000c34   0x00000054   Code   RO          268    i.MX_GPIO_Init      gpio.o
    0x08000c88   0x08000c88   0x000000a0   Code   RO          387    i.MX_I2C1_Init      i2c.o
    0x08000d28   0x08000d28   0x000000ec   Code   RO          419    i.MX_TIM1_Init      tim.o
    0x08000e14   0x08000e14   0x00000128   Code   RO          420    i.MX_TIM3_Init      tim.o
    0x08000f3c   0x08000f3c   0x000000fc   Code   RO          477    i.MX_USART2_UART_Init  usart.o
    0x08001038   0x08001038   0x00000002   Code   RO          506    i.NMI_Handler       stm32f0xx_it.o
    0x0800103a   0x0800103a   0x00000002   PAD
    0x0800103c   0x0800103c   0x00000044   Code   RO           24    i.NVIC_SetPriority  main.o
    0x08001080   0x08001080   0x00000044   Code   RO          360    i.NVIC_SetPriority  dma.o
    0x080010c4   0x080010c4   0x00000084   Code   RO          832    i.OC1Config         stm32f0xx_ll_tim.o
    0x08001148   0x08001148   0x00000088   Code   RO          833    i.OC2Config         stm32f0xx_ll_tim.o
    0x080011d0   0x080011d0   0x0000008c   Code   RO          834    i.OC3Config         stm32f0xx_ll_tim.o
    0x0800125c   0x0800125c   0x00000068   Code   RO          835    i.OC4Config         stm32f0xx_ll_tim.o
    0x080012c4   0x080012c4   0x00000002   Code   RO          507    i.PendSV_Handler    stm32f0xx_it.o
    0x080012c6   0x080012c6   0x00000002   PAD
    0x080012c8   0x080012c8   0x0000001c   Code   RO          989    i.RCC_GetHCLKClockFreq  stm32f0xx_ll_rcc.o
    0x080012e4   0x080012e4   0x00000018   Code   RO          990    i.RCC_GetPCLK1ClockFreq  stm32f0xx_ll_rcc.o
    0x080012fc   0x080012fc   0x00000024   Code   RO          991    i.RCC_GetSystemClockFreq  stm32f0xx_ll_rcc.o
    0x08001320   0x08001320   0x0000002c   Code   RO          992    i.RCC_PLL_GetFreqDomain_SYS  stm32f0xx_ll_rcc.o
    0x0800134c   0x0800134c   0x00000002   Code   RO          508    i.SVC_Handler       stm32f0xx_it.o
    0x0800134e   0x0800134e   0x00000002   PAD
    0x08001350   0x08001350   0x0000003c   Code   RO           25    i.StartTransfers    main.o
    0x0800138c   0x0800138c   0x00000002   Code   RO          509    i.SysTick_Handler   stm32f0xx_it.o
    0x0800138e   0x0800138e   0x00000002   PAD
    0x08001390   0x08001390   0x000000e0   Code   RO           26    i.SystemClock_Config  main.o
    0x08001470   0x08001470   0x00000064   Code   RO         1129    i.SystemInit        system_stm32f0xx.o
    0x080014d4   0x080014d4   0x00000024   Code   RO          510    i.TIM3_IRQHandler   stm32f0xx_it.o
    0x080014f8   0x080014f8   0x00000060   Code   RO          155    i._IQsin            main.o
    0x08001558   0x08001558   0x00000030   Code   RO          161    i.__ARM_common_ll_mulss  main.o
    0x08001588   0x08001588   0x0000000e   Code   RO         1191    i.__scatterload_copy  mc_p.l(handlers.o)
    0x08001596   0x08001596   0x00000002   Code   RO         1192    i.__scatterload_null  mc_p.l(handlers.o)
    0x08001598   0x08001598   0x0000000e   Code   RO         1193    i.__scatterload_zeroinit  mc_p.l(handlers.o)
    0x080015a6   0x080015a6   0x00000002   PAD
    0x080015a8   0x080015a8   0x000000c8   Code   RO           28    i.escSystemStart    main.o
    0x08001670   0x08001670   0x00000104   Code   RO           29    i.main              main.o
    0x08001774   0x08001774   0x00000164   Code   RO           30    i.newSample_callback  main.o
    0x080018d8   0x080018d8   0x00000054   Code   RO           33    i.updateFrame       main.o
    0x0800192c   0x0800192c   0x00000005   Data   RO           35    .constdata          main.o
    0x08001931   0x08001931   0x00000005   Data   RO          323    .constdata          adc.o
    0x08001936   0x08001936   0x0000001c   Data   RO          421    .constdata          tim.o
    0x08001952   0x08001952   0x00000005   Data   RO          478    .constdata          usart.o
    0x08001957   0x08001957   0x00000010   Data   RO         1130    .constdata          system_stm32f0xx.o
    0x08001967   0x08001967   0x00000008   Data   RO         1131    .constdata          system_stm32f0xx.o
    0x0800196f   0x0800196f   0x00000001   PAD
    0x08001970   0x08001970   0x00000020   Data   RO         1189    Region$$Table       anon$$obj.o


    Execution Region RW_IRAM1 (Exec base: 0x20000000, Load base: 0x08001990, Size: 0x00000c58, Max: 0x00001800, ABSOLUTE)

    Exec Addr    Load Addr    Size         Type   Attr      Idx    E Section Name        Object

    0x20000000   0x08001990   0x00000044   Data   RW           38    .data               main.o
    0x20000044   0x080019d4   0x00000004   Data   RW         1132    .data               system_stm32f0xx.o
    0x20000048        -       0x0000080e   Zero   RW           34    .bss                main.o
    0x20000856   0x080019d8   0x00000002   PAD
    0x20000858        -       0x00000400   Zero   RW            1    STACK               startup_stm32f070x6.o


==============================================================================

Image component sizes


      Code (inc. data)   RO Data    RW Data    ZI Data      Debug   Object Name

       332         28          5          0          0      45978   adc.o
       128         18          0          0          0       7458   dma.o
       108          6          0          0          0      18743   gpio.o
       160         22          0          0          0      15355   i2c.o
      1950        216          5         68       2062     296338   main.o
        88         38        192          0       1024        616   startup_stm32f070x6.o
       146         20          0          0          0      60755   stm32f0xx_it.o
        92         10          0          0          0      26436   stm32f0xx_ll_adc.o
       168          0          0          0          0       6655   stm32f0xx_ll_gpio.o
       108          0          0          0          0      14130   stm32f0xx_ll_i2c.o
       240         42          0          0          0      16068   stm32f0xx_ll_rcc.o
       700         74          0          0          0      34099   stm32f0xx_ll_tim.o
       172         16          0          0          0      17056   stm32f0xx_ll_usart.o
        44         12          0          0          0       5229   stm32f0xx_ll_utils.o
       100         14         24          4          0       1087   system_stm32f0xx.o
      1080         72         28          0          0      32642   tim.o
       252         22          5          0          0      15158   usart.o

    ----------------------------------------------------------------------
      5880        610        292         72       3088     613803   Object Totals
         0          0         32          0          0          0   (incl. Generated)
        12          0          1          0          2          0   (incl. Padding)

    ----------------------------------------------------------------------

      Code (inc. data)   RO Data    RW Data    ZI Data      Debug   Library Member Name

         0          0          0          0          0          0   entry.o
         0          0          0          0          0          0   entry10a.o
         0          0          0          0          0          0   entry11a.o
         8          4          0          0          0          0   entry2.o
         4          0          0          0          0          0   entry5.o
         0          0          0          0          0          0   entry7b.o
         0          0          0          0          0          0   entry8b.o
         8          4          0          0          0          0   entry9a.o
        30          0          0          0          0          0   handlers.o
        36          8          0          0          0         68   init.o
        76          0          0          0          0         76   ldiv.o
        32          0          0          0          0         68   llshl.o
        34          0          0          0          0         68   llushr.o
        44          0          0          0          0         72   uidiv.o
        96          0          0          0          0         84   uldiv.o

    ----------------------------------------------------------------------
       372         16          0          0          0        436   Library Totals
         4          0          0          0          0          0   (incl. Padding)

    ----------------------------------------------------------------------

      Code (inc. data)   RO Data    RW Data    ZI Data      Debug   Library Name

       368         16          0          0          0        436   mc_p.l

    ----------------------------------------------------------------------
       372         16          0          0          0        436   Library Totals

    ----------------------------------------------------------------------

==============================================================================


      Code (inc. data)   RO Data    RW Data    ZI Data      Debug   

      6252        626        292         72       3088     611531   Grand Totals
      6252        626        292         72       3088     611531   ELF Image Totals
      6252        626        292         72          0          0   ROM Totals

==============================================================================

    Total RO  Size (Code + RO Data)                 6544 (   6.39kB)
    Total RW  Size (RW Data + ZI Data)              3160 (   3.09kB)
    Total ROM Size (Code + RO Data + RW Data)       6616 (   6.46kB)

==============================================================================

