Component: ARM Compiler 5.06 update 5 (build 528) Tool: armlink [4d35e2]

==============================================================================

Section Cross References

    startup_stm32f070x6.o(RESET) refers to startup_stm32f070x6.o(STACK) for __initial_sp
    startup_stm32f070x6.o(RESET) refers to startup_stm32f070x6.o(.text) for Reset_Handler
    startup_stm32f070x6.o(RESET) refers to stm32f0xx_it.o(i.NMI_Handler) for NMI_Handler
    startup_stm32f070x6.o(RESET) refers to stm32f0xx_it.o(i.HardFault_Handler) for HardFault_Handler
    startup_stm32f070x6.o(RESET) refers to stm32f0xx_it.o(i.SVC_Handler) for SVC_Handler
    startup_stm32f070x6.o(RESET) refers to stm32f0xx_it.o(i.PendSV_Handler) for PendSV_Handler
    startup_stm32f070x6.o(RESET) refers to stm32f0xx_it.o(i.SysTick_Handler) for SysTick_Handler
    startup_stm32f070x6.o(RESET) refers to stm32f0xx_it.o(i.DMA1_Channel1_IRQHandler) for DMA1_Channel1_IRQHandler
    startup_stm32f070x6.o(RESET) refers to stm32f0xx_it.o(i.DMA1_Channel4_5_IRQHandler) for DMA1_Channel4_5_IRQHandler
    startup_stm32f070x6.o(RESET) refers to stm32f0xx_it.o(i.ADC1_IRQHandler) for ADC1_IRQHandler
    startup_stm32f070x6.o(RESET) refers to stm32f0xx_it.o(i.TIM3_IRQHandler) for TIM3_IRQHandler
    startup_stm32f070x6.o(.text) refers to startup_stm32f070x6.o(STACK) for __initial_sp
    startup_stm32f070x6.o(.text) refers to system_stm32f0xx.o(i.SystemInit) for SystemInit
    startup_stm32f070x6.o(.text) refers to entry.o(.ARM.Collect$$$$00000000) for __main
    bdcm_const.o(i.bdcm_const_calc) refers to fmul.o(.text) for __aeabi_fmul
    bdcm_const.o(i.bdcm_const_calc) refers to fdiv.o(.text) for __aeabi_fdiv
    bdcm_const.o(i.bdcm_const_calc) refers to fadd.o(.text) for __aeabi_fadd
    main.o(i.Configure_DMA) refers to main.o(i.LL_AHB1_GRP1_EnableClock) for LL_AHB1_GRP1_EnableClock
    main.o(i.Configure_DMA) refers to main.o(i.LL_DMA_ConfigAddresses) for LL_DMA_ConfigAddresses
    main.o(i.Configure_DMA) refers to main.o(i.LL_DMA_SetDataLength) for LL_DMA_SetDataLength
    main.o(i.Configure_DMA) refers to main.o(i.LL_DMA_EnableIT_TC) for LL_DMA_EnableIT_TC
    main.o(i.Configure_DMA) refers to main.o(.constdata) for .constdata
    main.o(i.Configure_DMA) refers to main.o(.bss) for .bss
    main.o(i.Configure_USART) refers to main.o(i.LL_AHB1_GRP1_EnableClock) for LL_AHB1_GRP1_EnableClock
    main.o(i.Configure_USART) refers to main.o(i.LL_GPIO_SetPinMode) for LL_GPIO_SetPinMode
    main.o(i.Configure_USART) refers to main.o(i.LL_GPIO_SetAFPin_0_7) for LL_GPIO_SetAFPin_0_7
    main.o(i.Configure_USART) refers to main.o(i.LL_GPIO_SetPinSpeed) for LL_GPIO_SetPinSpeed
    main.o(i.Configure_USART) refers to main.o(i.LL_GPIO_SetPinPull) for LL_GPIO_SetPinPull
    main.o(i.Configure_USART) refers to main.o(i.LL_APB1_GRP1_EnableClock) for LL_APB1_GRP1_EnableClock
    main.o(i.Configure_USART) refers to uidiv.o(.text) for __aeabi_uidivmod
    main.o(i.Configure_USART) refers to system_stm32f0xx.o(.data) for SystemCoreClock
    main.o(i.LL_DMA_ConfigAddresses) refers to main.o(.constdata) for .constdata
    main.o(i.LL_DMA_EnableChannel) refers to main.o(.constdata) for .constdata
    main.o(i.LL_DMA_EnableIT_TC) refers to main.o(.constdata) for .constdata
    main.o(i.LL_DMA_SetDataLength) refers to main.o(.constdata) for .constdata
    main.o(i.StartTransfers) refers to main.o(i.LL_DMA_SetDataLength) for LL_DMA_SetDataLength
    main.o(i.StartTransfers) refers to main.o(i.LL_DMA_EnableChannel) for LL_DMA_EnableChannel
    main.o(i.StartTransfers) refers to main.o(.constdata) for .constdata
    main.o(i.SystemClock_Config) refers to stm32f0xx_ll_utils.o(i.LL_Init1msTick) for LL_Init1msTick
    main.o(i.SystemClock_Config) refers to stm32f0xx_ll_utils.o(i.LL_SetSystemCoreClock) for LL_SetSystemCoreClock
    main.o(i.SystemClock_Config) refers to main.o(i.NVIC_SetPriority) for NVIC_SetPriority
    main.o(i.escSystemStart) refers to main.o(i.LL_DMA_ConfigAddresses) for LL_DMA_ConfigAddresses
    main.o(i.escSystemStart) refers to main.o(i.LL_DMA_SetDataLength) for LL_DMA_SetDataLength
    main.o(i.escSystemStart) refers to main.o(i.LL_DMA_EnableIT_TC) for LL_DMA_EnableIT_TC
    main.o(i.escSystemStart) refers to main.o(i.LL_DMA_EnableChannel) for LL_DMA_EnableChannel
    main.o(i.escSystemStart) refers to main.o(.bss) for .bss
    main.o(i.main) refers to main.o(i.LL_APB1_GRP1_EnableClock) for LL_APB1_GRP1_EnableClock
    main.o(i.main) refers to main.o(i.NVIC_SetPriority) for NVIC_SetPriority
    main.o(i.main) refers to main.o(i.SystemClock_Config) for SystemClock_Config
    main.o(i.main) refers to gpio.o(i.MX_GPIO_Init) for MX_GPIO_Init
    main.o(i.main) refers to dma.o(i.MX_DMA_Init) for MX_DMA_Init
    main.o(i.main) refers to adc.o(i.MX_ADC_Init) for MX_ADC_Init
    main.o(i.main) refers to tim.o(i.MX_TIM3_Init) for MX_TIM3_Init
    main.o(i.main) refers to tim.o(i.MX_TIM1_Init) for MX_TIM1_Init
    main.o(i.main) refers to usart.o(i.MX_USART2_UART_Init) for MX_USART2_UART_Init
    main.o(i.main) refers to i2c.o(i.MX_I2C1_Init) for MX_I2C1_Init
    main.o(i.main) refers to ldiv.o(.text) for __aeabi_ldivmod
    main.o(i.main) refers to f2d.o(.text) for __aeabi_f2d
    main.o(i.main) refers to dscalb.o(.text) for __ARM_scalbn
    main.o(i.main) refers to dfixi.o(.text) for __aeabi_d2iz
    main.o(i.main) refers to main.o(i.Configure_USART) for Configure_USART
    main.o(i.main) refers to main.o(i.Configure_DMA) for Configure_DMA
    main.o(i.main) refers to main.o(i.escSystemStart) for escSystemStart
    main.o(i.main) refers to main.o(i.StartTransfers) for StartTransfers
    main.o(i.main) refers to main.o(i.updateFrame) for updateFrame
    main.o(i.main) refers to main.o(.data) for .data
    main.o(i.newSample_callback) refers to bdcm.o(i.__ARM_common_ll_mulss) for __ARM_common_ll_mulss
    main.o(i.newSample_callback) refers to bdcm.o(i._IQsin) for _IQsin
    main.o(i.newSample_callback) refers to f2d.o(.text) for __aeabi_f2d
    main.o(i.newSample_callback) refers to dscalb.o(.text) for __ARM_scalbn
    main.o(i.newSample_callback) refers to dfixi.o(.text) for __aeabi_d2iz
    main.o(i.newSample_callback) refers to main.o(.data) for .data
    main.o(i.newSample_callback) refers to main.o(.bss) for .bss
    main.o(i.txCmplt_callback) refers to main.o(.data) for .data
    main.o(i.updateFrame) refers to main.o(i.StartTransfers) for StartTransfers
    main.o(i.updateFrame) refers to main.o(.bss) for .bss
    main.o(.data) refers to bdcm.o(i.bdcm_calc) for bdcm_calc
    main.o(.data) refers to bdcm_const.o(i.bdcm_const_calc) for bdcm_const_calc
    main.o(.data) refers to pi_reg.o(i.pi_reg_calc) for pi_reg_calc
    gpio.o(i.MX_GPIO_Init) refers to gpio.o(i.LL_AHB1_GRP1_EnableClock) for LL_AHB1_GRP1_EnableClock
    gpio.o(i.MX_GPIO_Init) refers to stm32f0xx_ll_gpio.o(i.LL_GPIO_Init) for LL_GPIO_Init
    adc.o(i.MX_ADC_Init) refers to stm32f0xx_ll_gpio.o(i.LL_GPIO_Init) for LL_GPIO_Init
    adc.o(i.MX_ADC_Init) refers to stm32f0xx_ll_adc.o(i.LL_ADC_Init) for LL_ADC_Init
    adc.o(i.MX_ADC_Init) refers to stm32f0xx_ll_adc.o(i.LL_ADC_REG_Init) for LL_ADC_REG_Init
    adc.o(i.MX_ADC_Init) refers to adc.o(.constdata) for .constdata
    dma.o(i.MX_DMA_Init) refers to dma.o(i.NVIC_SetPriority) for NVIC_SetPriority
    i2c.o(i.MX_I2C1_Init) refers to stm32f0xx_ll_gpio.o(i.LL_GPIO_Init) for LL_GPIO_Init
    i2c.o(i.MX_I2C1_Init) refers to stm32f0xx_ll_i2c.o(i.LL_I2C_Init) for LL_I2C_Init
    tim.o(i.LL_TIM_IC_SetActiveInput) refers to tim.o(.constdata) for .constdata
    tim.o(i.LL_TIM_IC_SetFilter) refers to tim.o(.constdata) for .constdata
    tim.o(i.LL_TIM_IC_SetPolarity) refers to tim.o(.constdata) for .constdata
    tim.o(i.LL_TIM_IC_SetPrescaler) refers to tim.o(.constdata) for .constdata
    tim.o(i.LL_TIM_OC_DisableFast) refers to tim.o(.constdata) for .constdata
    tim.o(i.LL_TIM_OC_EnablePreload) refers to tim.o(.constdata) for .constdata
    tim.o(i.MX_TIM1_Init) refers to stm32f0xx_ll_gpio.o(i.LL_GPIO_Init) for LL_GPIO_Init
    tim.o(i.MX_TIM1_Init) refers to stm32f0xx_ll_tim.o(i.LL_TIM_Init) for LL_TIM_Init
    tim.o(i.MX_TIM1_Init) refers to tim.o(i.LL_TIM_IC_SetFilter) for LL_TIM_IC_SetFilter
    tim.o(i.MX_TIM1_Init) refers to tim.o(i.LL_TIM_IC_SetPolarity) for LL_TIM_IC_SetPolarity
    tim.o(i.MX_TIM1_Init) refers to tim.o(i.LL_TIM_IC_SetActiveInput) for LL_TIM_IC_SetActiveInput
    tim.o(i.MX_TIM1_Init) refers to tim.o(i.LL_TIM_IC_SetPrescaler) for LL_TIM_IC_SetPrescaler
    tim.o(i.MX_TIM3_Init) refers to stm32f0xx_ll_tim.o(i.LL_TIM_Init) for LL_TIM_Init
    tim.o(i.MX_TIM3_Init) refers to tim.o(i.LL_TIM_OC_EnablePreload) for LL_TIM_OC_EnablePreload
    tim.o(i.MX_TIM3_Init) refers to stm32f0xx_ll_tim.o(i.LL_TIM_OC_Init) for LL_TIM_OC_Init
    tim.o(i.MX_TIM3_Init) refers to tim.o(i.LL_TIM_OC_DisableFast) for LL_TIM_OC_DisableFast
    tim.o(i.MX_TIM3_Init) refers to stm32f0xx_ll_gpio.o(i.LL_GPIO_Init) for LL_GPIO_Init
    usart.o(i.MX_USART2_UART_Init) refers to stm32f0xx_ll_gpio.o(i.LL_GPIO_Init) for LL_GPIO_Init
    usart.o(i.MX_USART2_UART_Init) refers to stm32f0xx_ll_usart.o(i.LL_USART_Init) for LL_USART_Init
    usart.o(i.MX_USART2_UART_Init) refers to usart.o(.constdata) for .constdata
    stm32f0xx_it.o(i.DMA1_Channel1_IRQHandler) refers to main.o(i.newSample_callback) for newSample_callback
    stm32f0xx_ll_gpio.o(i.LL_GPIO_DeInit) refers to stm32f0xx_ll_gpio.o(i.LL_AHB1_GRP1_ForceReset) for LL_AHB1_GRP1_ForceReset
    stm32f0xx_ll_gpio.o(i.LL_GPIO_DeInit) refers to stm32f0xx_ll_gpio.o(i.LL_AHB1_GRP1_ReleaseReset) for LL_AHB1_GRP1_ReleaseReset
    stm32f0xx_ll_dma.o(i.LL_DMA_Init) refers to stm32f0xx_ll_dma.o(.constdata) for .constdata
    stm32f0xx_ll_tim.o(i.LL_TIM_OC_Init) refers to stm32f0xx_ll_tim.o(i.OC4Config) for OC4Config
    stm32f0xx_ll_tim.o(i.LL_TIM_OC_Init) refers to stm32f0xx_ll_tim.o(i.OC1Config) for OC1Config
    stm32f0xx_ll_tim.o(i.LL_TIM_OC_Init) refers to stm32f0xx_ll_tim.o(i.OC2Config) for OC2Config
    stm32f0xx_ll_tim.o(i.LL_TIM_OC_Init) refers to stm32f0xx_ll_tim.o(i.OC3Config) for OC3Config
    stm32f0xx_ll_usart.o(i.LL_USART_Init) refers to stm32f0xx_ll_rcc.o(i.LL_RCC_GetUSARTClockFreq) for LL_RCC_GetUSARTClockFreq
    stm32f0xx_ll_usart.o(i.LL_USART_Init) refers to stm32f0xx_ll_rcc.o(i.LL_RCC_GetSystemClocksFreq) for LL_RCC_GetSystemClocksFreq
    stm32f0xx_ll_usart.o(i.LL_USART_Init) refers to uidiv.o(.text) for __aeabi_uidivmod
    stm32f0xx_ll_rcc.o(i.LL_RCC_GetI2CClockFreq) refers to stm32f0xx_ll_rcc.o(i.RCC_GetSystemClockFreq) for RCC_GetSystemClockFreq
    stm32f0xx_ll_rcc.o(i.LL_RCC_GetSystemClocksFreq) refers to stm32f0xx_ll_rcc.o(i.RCC_GetSystemClockFreq) for RCC_GetSystemClockFreq
    stm32f0xx_ll_rcc.o(i.LL_RCC_GetSystemClocksFreq) refers to stm32f0xx_ll_rcc.o(i.RCC_GetHCLKClockFreq) for RCC_GetHCLKClockFreq
    stm32f0xx_ll_rcc.o(i.LL_RCC_GetSystemClocksFreq) refers to stm32f0xx_ll_rcc.o(i.RCC_GetPCLK1ClockFreq) for RCC_GetPCLK1ClockFreq
    stm32f0xx_ll_rcc.o(i.LL_RCC_GetUSARTClockFreq) refers to stm32f0xx_ll_rcc.o(i.RCC_GetSystemClockFreq) for RCC_GetSystemClockFreq
    stm32f0xx_ll_rcc.o(i.LL_RCC_GetUSARTClockFreq) refers to stm32f0xx_ll_rcc.o(i.RCC_GetHCLKClockFreq) for RCC_GetHCLKClockFreq
    stm32f0xx_ll_rcc.o(i.LL_RCC_GetUSARTClockFreq) refers to stm32f0xx_ll_rcc.o(i.RCC_GetPCLK1ClockFreq) for RCC_GetPCLK1ClockFreq
    stm32f0xx_ll_rcc.o(i.LL_RCC_GetUSBClockFreq) refers to stm32f0xx_ll_rcc.o(i.RCC_PLL_GetFreqDomain_SYS) for RCC_PLL_GetFreqDomain_SYS
    stm32f0xx_ll_rcc.o(i.RCC_GetHCLKClockFreq) refers to system_stm32f0xx.o(.constdata) for AHBPrescTable
    stm32f0xx_ll_rcc.o(i.RCC_GetPCLK1ClockFreq) refers to system_stm32f0xx.o(.constdata) for APBPrescTable
    stm32f0xx_ll_rcc.o(i.RCC_GetSystemClockFreq) refers to stm32f0xx_ll_rcc.o(i.RCC_PLL_GetFreqDomain_SYS) for RCC_PLL_GetFreqDomain_SYS
    stm32f0xx_ll_rcc.o(i.RCC_PLL_GetFreqDomain_SYS) refers to uidiv.o(.text) for __aeabi_uidivmod
    stm32f0xx_ll_utils.o(i.LL_Init1msTick) refers to uidiv.o(.text) for __aeabi_uidivmod
    stm32f0xx_ll_utils.o(i.LL_PLL_ConfigSystemClock_HSE) refers to stm32f0xx_ll_utils.o(i.UTILS_PLL_IsBusy) for UTILS_PLL_IsBusy
    stm32f0xx_ll_utils.o(i.LL_PLL_ConfigSystemClock_HSE) refers to stm32f0xx_ll_utils.o(i.UTILS_GetPLLOutputFrequency) for UTILS_GetPLLOutputFrequency
    stm32f0xx_ll_utils.o(i.LL_PLL_ConfigSystemClock_HSE) refers to stm32f0xx_ll_utils.o(i.LL_RCC_PLL_ConfigDomain_SYS) for LL_RCC_PLL_ConfigDomain_SYS
    stm32f0xx_ll_utils.o(i.LL_PLL_ConfigSystemClock_HSE) refers to stm32f0xx_ll_utils.o(i.UTILS_EnablePLLAndSwitchSystem) for UTILS_EnablePLLAndSwitchSystem
    stm32f0xx_ll_utils.o(i.LL_PLL_ConfigSystemClock_HSI) refers to stm32f0xx_ll_utils.o(i.UTILS_PLL_IsBusy) for UTILS_PLL_IsBusy
    stm32f0xx_ll_utils.o(i.LL_PLL_ConfigSystemClock_HSI) refers to stm32f0xx_ll_utils.o(i.UTILS_GetPLLOutputFrequency) for UTILS_GetPLLOutputFrequency
    stm32f0xx_ll_utils.o(i.LL_PLL_ConfigSystemClock_HSI) refers to stm32f0xx_ll_utils.o(i.LL_RCC_PLL_ConfigDomain_SYS) for LL_RCC_PLL_ConfigDomain_SYS
    stm32f0xx_ll_utils.o(i.LL_PLL_ConfigSystemClock_HSI) refers to stm32f0xx_ll_utils.o(i.UTILS_EnablePLLAndSwitchSystem) for UTILS_EnablePLLAndSwitchSystem
    stm32f0xx_ll_utils.o(i.LL_SetSystemCoreClock) refers to system_stm32f0xx.o(.data) for SystemCoreClock
    stm32f0xx_ll_utils.o(i.UTILS_EnablePLLAndSwitchSystem) refers to stm32f0xx_ll_utils.o(i.UTILS_SetFlashLatency) for UTILS_SetFlashLatency
    stm32f0xx_ll_utils.o(i.UTILS_EnablePLLAndSwitchSystem) refers to system_stm32f0xx.o(.constdata) for AHBPrescTable
    stm32f0xx_ll_utils.o(i.UTILS_EnablePLLAndSwitchSystem) refers to system_stm32f0xx.o(.data) for SystemCoreClock
    stm32f0xx_ll_utils.o(i.UTILS_GetPLLOutputFrequency) refers to uidiv.o(.text) for __aeabi_uidivmod
    system_stm32f0xx.o(i.SystemCoreClockUpdate) refers to uidiv.o(.text) for __aeabi_uidivmod
    system_stm32f0xx.o(i.SystemCoreClockUpdate) refers to system_stm32f0xx.o(.data) for .data
    system_stm32f0xx.o(i.SystemCoreClockUpdate) refers to system_stm32f0xx.o(.constdata) for .constdata
    entry.o(.ARM.Collect$$$$00000000) refers (Special) to entry10a.o(.ARM.Collect$$$$0000000D) for __rt_final_cpp
    entry.o(.ARM.Collect$$$$00000000) refers (Special) to entry11a.o(.ARM.Collect$$$$0000000F) for __rt_final_exit
    entry.o(.ARM.Collect$$$$00000000) refers (Special) to entry7b.o(.ARM.Collect$$$$00000008) for _main_clock
    entry.o(.ARM.Collect$$$$00000000) refers (Special) to entry8b.o(.ARM.Collect$$$$0000000A) for _main_cpp_init
    entry.o(.ARM.Collect$$$$00000000) refers (Special) to entry9a.o(.ARM.Collect$$$$0000000B) for _main_init
    entry.o(.ARM.Collect$$$$00000000) refers (Special) to entry5.o(.ARM.Collect$$$$00000004) for _main_scatterload
    entry.o(.ARM.Collect$$$$00000000) refers (Special) to entry2.o(.ARM.Collect$$$$00000001) for _main_stk
    ldiv.o(.text) refers to uldiv.o(.text) for __aeabi_uldivmod
    fadd.o(.text) refers (Special) to iusefp.o(.text) for __I$use$fp
    fadd.o(.text) refers to fepilogue.o(.text) for _float_epilogue
    fmul.o(.text) refers (Special) to iusefp.o(.text) for __I$use$fp
    fdiv.o(.text) refers (Special) to iusefp.o(.text) for __I$use$fp
    fdiv.o(.text) refers to fepilogue.o(.text) for _float_round
    dscalb.o(.text) refers (Special) to iusefp.o(.text) for __I$use$fp
    dfixi.o(.text) refers (Special) to iusefp.o(.text) for __I$use$fp
    dfixi.o(.text) refers to llushr.o(.text) for __aeabi_llsr
    f2d.o(.text) refers (Special) to iusefp.o(.text) for __I$use$fp
    entry2.o(.ARM.Collect$$$$00000001) refers to entry2.o(.ARM.Collect$$$$00002712) for __lit__00000000
    entry2.o(.ARM.Collect$$$$00002712) refers to startup_stm32f070x6.o(STACK) for __initial_sp
    entry2.o(__vectab_stack_and_reset_area) refers to startup_stm32f070x6.o(STACK) for __initial_sp
    entry2.o(__vectab_stack_and_reset_area) refers to entry.o(.ARM.Collect$$$$00000000) for __main
    entry5.o(.ARM.Collect$$$$00000004) refers to init.o(.text) for __scatterload
    entry9a.o(.ARM.Collect$$$$0000000B) refers to main.o(i.main) for main
    entry9b.o(.ARM.Collect$$$$0000000C) refers to main.o(i.main) for main
    uldiv.o(.text) refers to llushr.o(.text) for __aeabi_llsr
    uldiv.o(.text) refers to llshl.o(.text) for __aeabi_llsl
    init.o(.text) refers to entry5.o(.ARM.Collect$$$$00000004) for __main_after_scatterload
    bdcm.o(i._IQsin) refers to bdcm.o(i.__ARM_common_ll_mulss) for __ARM_common_ll_mulss
    bdcm.o(i._IQsinPU) refers to bdcm.o(i.__ARM_common_ll_mulss) for __ARM_common_ll_mulss
    bdcm.o(i.bdcm_calc) refers to bdcm.o(i.__ARM_common_ll_mulss) for __ARM_common_ll_mulss
    pi_reg.o(i.pi_reg_calc) refers to bdcm.o(i.__ARM_common_ll_mulss) for __ARM_common_ll_mulss


==============================================================================

Removing Unused input sections from the image.

    Removing startup_stm32f070x6.o(HEAP), (512 bytes).
    Removing bdcm.o(.rev16_text), (4 bytes).
    Removing bdcm.o(.revsh_text), (4 bytes).
    Removing pi_reg.o(.rev16_text), (4 bytes).
    Removing pi_reg.o(.revsh_text), (4 bytes).
    Removing main.o(.rev16_text), (4 bytes).
    Removing main.o(.revsh_text), (4 bytes).
    Removing main.o(i._Error_Handler), (2 bytes).
    Removing main.o(i.rxCmplt_callback), (2 bytes).
    Removing main.o(i.txCmplt_callback), (16 bytes).
    Removing main.o(.data), (56 bytes).
    Removing main.o(.data), (4 bytes).
    Removing main.o(.data), (4 bytes).
    Removing main.o(.data), (4 bytes).
    Removing main.o(.data), (4 bytes).
    Removing main.o(.data), (4 bytes).
    Removing main.o(.data), (4 bytes).
    Removing main.o(.data), (4 bytes).
    Removing main.o(.data), (4 bytes).
    Removing gpio.o(.rev16_text), (4 bytes).
    Removing gpio.o(.revsh_text), (4 bytes).
    Removing adc.o(.rev16_text), (4 bytes).
    Removing adc.o(.revsh_text), (4 bytes).
    Removing dma.o(.rev16_text), (4 bytes).
    Removing dma.o(.revsh_text), (4 bytes).
    Removing i2c.o(.rev16_text), (4 bytes).
    Removing i2c.o(.revsh_text), (4 bytes).
    Removing tim.o(.rev16_text), (4 bytes).
    Removing tim.o(.revsh_text), (4 bytes).
    Removing usart.o(.rev16_text), (4 bytes).
    Removing usart.o(.revsh_text), (4 bytes).
    Removing stm32f0xx_it.o(.rev16_text), (4 bytes).
    Removing stm32f0xx_it.o(.revsh_text), (4 bytes).
    Removing stm32f0xx_ll_gpio.o(.rev16_text), (4 bytes).
    Removing stm32f0xx_ll_gpio.o(.revsh_text), (4 bytes).
    Removing stm32f0xx_ll_gpio.o(i.LL_AHB1_GRP1_ForceReset), (16 bytes).
    Removing stm32f0xx_ll_gpio.o(i.LL_AHB1_GRP1_ReleaseReset), (16 bytes).
    Removing stm32f0xx_ll_gpio.o(i.LL_GPIO_DeInit), (96 bytes).
    Removing stm32f0xx_ll_gpio.o(i.LL_GPIO_StructInit), (24 bytes).
    Removing stm32f0xx_ll_adc.o(.rev16_text), (4 bytes).
    Removing stm32f0xx_ll_adc.o(.revsh_text), (4 bytes).
    Removing stm32f0xx_ll_adc.o(i.LL_ADC_CommonDeInit), (28 bytes).
    Removing stm32f0xx_ll_adc.o(i.LL_ADC_DeInit), (192 bytes).
    Removing stm32f0xx_ll_adc.o(i.LL_ADC_REG_StructInit), (18 bytes).
    Removing stm32f0xx_ll_adc.o(i.LL_ADC_StructInit), (16 bytes).
    Removing stm32f0xx_ll_dma.o(.rev16_text), (4 bytes).
    Removing stm32f0xx_ll_dma.o(.revsh_text), (4 bytes).
    Removing stm32f0xx_ll_dma.o(i.LL_DMA_DeInit), (124 bytes).
    Removing stm32f0xx_ll_dma.o(i.LL_DMA_Init), (92 bytes).
    Removing stm32f0xx_ll_dma.o(i.LL_DMA_StructInit), (24 bytes).
    Removing stm32f0xx_ll_dma.o(.constdata), (5 bytes).
    Removing stm32f0xx_ll_i2c.o(.rev16_text), (4 bytes).
    Removing stm32f0xx_ll_i2c.o(.revsh_text), (4 bytes).
    Removing stm32f0xx_ll_i2c.o(i.LL_I2C_DeInit), (40 bytes).
    Removing stm32f0xx_ll_i2c.o(i.LL_I2C_StructInit), (22 bytes).
    Removing stm32f0xx_ll_pwr.o(.rev16_text), (4 bytes).
    Removing stm32f0xx_ll_pwr.o(.revsh_text), (4 bytes).
    Removing stm32f0xx_ll_pwr.o(i.LL_PWR_DeInit), (28 bytes).
    Removing stm32f0xx_ll_exti.o(.rev16_text), (4 bytes).
    Removing stm32f0xx_ll_exti.o(.revsh_text), (4 bytes).
    Removing stm32f0xx_ll_exti.o(i.LL_EXTI_DeInit), (36 bytes).
    Removing stm32f0xx_ll_exti.o(i.LL_EXTI_Init), (160 bytes).
    Removing stm32f0xx_ll_exti.o(i.LL_EXTI_StructInit), (14 bytes).
    Removing stm32f0xx_ll_tim.o(.rev16_text), (4 bytes).
    Removing stm32f0xx_ll_tim.o(.revsh_text), (4 bytes).
    Removing stm32f0xx_ll_tim.o(i.LL_TIM_BDTR_Init), (74 bytes).
    Removing stm32f0xx_ll_tim.o(i.LL_TIM_BDTR_StructInit), (18 bytes).
    Removing stm32f0xx_ll_tim.o(i.LL_TIM_DeInit), (120 bytes).
    Removing stm32f0xx_ll_tim.o(i.LL_TIM_ENCODER_Init), (96 bytes).
    Removing stm32f0xx_ll_tim.o(i.LL_TIM_ENCODER_StructInit), (28 bytes).
    Removing stm32f0xx_ll_tim.o(i.LL_TIM_HALLSENSOR_Init), (88 bytes).
    Removing stm32f0xx_ll_tim.o(i.LL_TIM_HALLSENSOR_StructInit), (12 bytes).
    Removing stm32f0xx_ll_tim.o(i.LL_TIM_IC_Init), (216 bytes).
    Removing stm32f0xx_ll_tim.o(i.LL_TIM_IC_StructInit), (14 bytes).
    Removing stm32f0xx_ll_tim.o(i.LL_TIM_OC_StructInit), (20 bytes).
    Removing stm32f0xx_ll_tim.o(i.LL_TIM_StructInit), (16 bytes).
    Removing stm32f0xx_ll_usart.o(.rev16_text), (4 bytes).
    Removing stm32f0xx_ll_usart.o(.revsh_text), (4 bytes).
    Removing stm32f0xx_ll_usart.o(i.LL_USART_ClockInit), (60 bytes).
    Removing stm32f0xx_ll_usart.o(i.LL_USART_ClockStructInit), (12 bytes).
    Removing stm32f0xx_ll_usart.o(i.LL_USART_DeInit), (68 bytes).
    Removing stm32f0xx_ll_usart.o(i.LL_USART_StructInit), (24 bytes).
    Removing stm32f0xx_ll_rcc.o(.rev16_text), (4 bytes).
    Removing stm32f0xx_ll_rcc.o(.revsh_text), (4 bytes).
    Removing stm32f0xx_ll_rcc.o(i.LL_RCC_DeInit), (100 bytes).
    Removing stm32f0xx_ll_rcc.o(i.LL_RCC_GetI2CClockFreq), (48 bytes).
    Removing stm32f0xx_ll_rcc.o(i.LL_RCC_GetUSBClockFreq), (40 bytes).
    Removing stm32f0xx_ll_utils.o(.rev16_text), (4 bytes).
    Removing stm32f0xx_ll_utils.o(.revsh_text), (4 bytes).
    Removing stm32f0xx_ll_utils.o(i.LL_PLL_ConfigSystemClock_HSE), (100 bytes).
    Removing stm32f0xx_ll_utils.o(i.LL_PLL_ConfigSystemClock_HSI), (84 bytes).
    Removing stm32f0xx_ll_utils.o(i.LL_RCC_PLL_ConfigDomain_SYS), (36 bytes).
    Removing stm32f0xx_ll_utils.o(i.LL_mDelay), (32 bytes).
    Removing stm32f0xx_ll_utils.o(i.UTILS_EnablePLLAndSwitchSystem), (152 bytes).
    Removing stm32f0xx_ll_utils.o(i.UTILS_GetPLLOutputFrequency), (28 bytes).
    Removing stm32f0xx_ll_utils.o(i.UTILS_PLL_IsBusy), (20 bytes).
    Removing stm32f0xx_ll_utils.o(i.UTILS_SetFlashLatency), (52 bytes).
    Removing system_stm32f0xx.o(.rev16_text), (4 bytes).
    Removing system_stm32f0xx.o(.revsh_text), (4 bytes).
    Removing system_stm32f0xx.o(i.SystemCoreClockUpdate), (88 bytes).
    Removing bdcm.o(i._IQsinPU), (108 bytes).

101 unused section(s) (total 3493 bytes) removed from the image.

==============================================================================

Image Symbol Table

    Local Symbols

    Symbol Name                              Value     Ov Type        Size  Object(Section)

    ..//Src/system_stm32f0xx.c               0x00000000   Number         0  system_stm32f0xx.o ABSOLUTE
    ../Drivers/STM32F0xx_HAL_Driver/Src/stm32f0xx_ll_adc.c 0x00000000   Number         0  stm32f0xx_ll_adc.o ABSOLUTE
    ../Drivers/STM32F0xx_HAL_Driver/Src/stm32f0xx_ll_dma.c 0x00000000   Number         0  stm32f0xx_ll_dma.o ABSOLUTE
    ../Drivers/STM32F0xx_HAL_Driver/Src/stm32f0xx_ll_exti.c 0x00000000   Number         0  stm32f0xx_ll_exti.o ABSOLUTE
    ../Drivers/STM32F0xx_HAL_Driver/Src/stm32f0xx_ll_gpio.c 0x00000000   Number         0  stm32f0xx_ll_gpio.o ABSOLUTE
    ../Drivers/STM32F0xx_HAL_Driver/Src/stm32f0xx_ll_i2c.c 0x00000000   Number         0  stm32f0xx_ll_i2c.o ABSOLUTE
    ../Drivers/STM32F0xx_HAL_Driver/Src/stm32f0xx_ll_pwr.c 0x00000000   Number         0  stm32f0xx_ll_pwr.o ABSOLUTE
    ../Drivers/STM32F0xx_HAL_Driver/Src/stm32f0xx_ll_rcc.c 0x00000000   Number         0  stm32f0xx_ll_rcc.o ABSOLUTE
    ../Drivers/STM32F0xx_HAL_Driver/Src/stm32f0xx_ll_tim.c 0x00000000   Number         0  stm32f0xx_ll_tim.o ABSOLUTE
    ../Drivers/STM32F0xx_HAL_Driver/Src/stm32f0xx_ll_usart.c 0x00000000   Number         0  stm32f0xx_ll_usart.o ABSOLUTE
    ../Drivers/STM32F0xx_HAL_Driver/Src/stm32f0xx_ll_utils.c 0x00000000   Number         0  stm32f0xx_ll_utils.o ABSOLUTE
    ../Src/adc.c                             0x00000000   Number         0  adc.o ABSOLUTE
    ../Src/dma.c                             0x00000000   Number         0  dma.o ABSOLUTE
    ../Src/gpio.c                            0x00000000   Number         0  gpio.o ABSOLUTE
    ../Src/i2c.c                             0x00000000   Number         0  i2c.o ABSOLUTE
    ../Src/main.c                            0x00000000   Number         0  main.o ABSOLUTE
    ../Src/stm32f0xx_it.c                    0x00000000   Number         0  stm32f0xx_it.o ABSOLUTE
    ../Src/tim.c                             0x00000000   Number         0  tim.o ABSOLUTE
    ../Src/usart.c                           0x00000000   Number         0  usart.o ABSOLUTE
    ../clib/microlib/division.c              0x00000000   Number         0  uldiv.o ABSOLUTE
    ../clib/microlib/division.c              0x00000000   Number         0  ldiv.o ABSOLUTE
    ../clib/microlib/division.c              0x00000000   Number         0  uidiv.o ABSOLUTE
    ../clib/microlib/init/entry.s            0x00000000   Number         0  entry10a.o ABSOLUTE
    ../clib/microlib/init/entry.s            0x00000000   Number         0  entry5.o ABSOLUTE
    ../clib/microlib/init/entry.s            0x00000000   Number         0  entry.o ABSOLUTE
    ../clib/microlib/init/entry.s            0x00000000   Number         0  entry2.o ABSOLUTE
    ../clib/microlib/init/entry.s            0x00000000   Number         0  entry11a.o ABSOLUTE
    ../clib/microlib/init/entry.s            0x00000000   Number         0  entry10b.o ABSOLUTE
    ../clib/microlib/init/entry.s            0x00000000   Number         0  entry8b.o ABSOLUTE
    ../clib/microlib/init/entry.s            0x00000000   Number         0  entry9b.o ABSOLUTE
    ../clib/microlib/init/entry.s            0x00000000   Number         0  entry11b.o ABSOLUTE
    ../clib/microlib/init/entry.s            0x00000000   Number         0  entry9a.o ABSOLUTE
    ../clib/microlib/init/entry.s            0x00000000   Number         0  entry8a.o ABSOLUTE
    ../clib/microlib/init/entry.s            0x00000000   Number         0  entry7b.o ABSOLUTE
    ../clib/microlib/init/entry.s            0x00000000   Number         0  entry7a.o ABSOLUTE
    ../clib/microlib/longlong.c              0x00000000   Number         0  llushr.o ABSOLUTE
    ../clib/microlib/longlong.c              0x00000000   Number         0  llshl.o ABSOLUTE
    ../clib/microlib/stubs.s                 0x00000000   Number         0  iusefp.o ABSOLUTE
    ../fplib/microlib/f2d.c                  0x00000000   Number         0  f2d.o ABSOLUTE
    ../fplib/microlib/fpadd.c                0x00000000   Number         0  fadd.o ABSOLUTE
    ../fplib/microlib/fpdiv.c                0x00000000   Number         0  fdiv.o ABSOLUTE
    ../fplib/microlib/fpepilogue.c           0x00000000   Number         0  fepilogue.o ABSOLUTE
    ../fplib/microlib/fpfix.c                0x00000000   Number         0  dfixi.o ABSOLUTE
    ../fplib/microlib/fpmul.c                0x00000000   Number         0  fmul.o ABSOLUTE
    ../fplib/microlib/fpscalb.c              0x00000000   Number         0  dscalb.o ABSOLUTE
    ..\Drivers\STM32F0xx_HAL_Driver\Src\stm32f0xx_ll_adc.c 0x00000000   Number         0  stm32f0xx_ll_adc.o ABSOLUTE
    ..\Drivers\STM32F0xx_HAL_Driver\Src\stm32f0xx_ll_dma.c 0x00000000   Number         0  stm32f0xx_ll_dma.o ABSOLUTE
    ..\Drivers\STM32F0xx_HAL_Driver\Src\stm32f0xx_ll_exti.c 0x00000000   Number         0  stm32f0xx_ll_exti.o ABSOLUTE
    ..\Drivers\STM32F0xx_HAL_Driver\Src\stm32f0xx_ll_gpio.c 0x00000000   Number         0  stm32f0xx_ll_gpio.o ABSOLUTE
    ..\Drivers\STM32F0xx_HAL_Driver\Src\stm32f0xx_ll_i2c.c 0x00000000   Number         0  stm32f0xx_ll_i2c.o ABSOLUTE
    ..\Drivers\STM32F0xx_HAL_Driver\Src\stm32f0xx_ll_pwr.c 0x00000000   Number         0  stm32f0xx_ll_pwr.o ABSOLUTE
    ..\Drivers\STM32F0xx_HAL_Driver\Src\stm32f0xx_ll_rcc.c 0x00000000   Number         0  stm32f0xx_ll_rcc.o ABSOLUTE
    ..\Drivers\STM32F0xx_HAL_Driver\Src\stm32f0xx_ll_tim.c 0x00000000   Number         0  stm32f0xx_ll_tim.o ABSOLUTE
    ..\Drivers\STM32F0xx_HAL_Driver\Src\stm32f0xx_ll_usart.c 0x00000000   Number         0  stm32f0xx_ll_usart.o ABSOLUTE
    ..\Drivers\STM32F0xx_HAL_Driver\Src\stm32f0xx_ll_utils.c 0x00000000   Number         0  stm32f0xx_ll_utils.o ABSOLUTE
    ..\Src\adc.c                             0x00000000   Number         0  adc.o ABSOLUTE
    ..\Src\bdcm.c                            0x00000000   Number         0  bdcm.o ABSOLUTE
    ..\Src\bdcm_const.c                      0x00000000   Number         0  bdcm_const.o ABSOLUTE
    ..\Src\dma.c                             0x00000000   Number         0  dma.o ABSOLUTE
    ..\Src\gpio.c                            0x00000000   Number         0  gpio.o ABSOLUTE
    ..\Src\i2c.c                             0x00000000   Number         0  i2c.o ABSOLUTE
    ..\Src\main.c                            0x00000000   Number         0  main.o ABSOLUTE
    ..\Src\pi_reg.c                          0x00000000   Number         0  pi_reg.o ABSOLUTE
    ..\Src\stm32f0xx_it.c                    0x00000000   Number         0  stm32f0xx_it.o ABSOLUTE
    ..\Src\tim.c                             0x00000000   Number         0  tim.o ABSOLUTE
    ..\Src\usart.c                           0x00000000   Number         0  usart.o ABSOLUTE
    ..\\Src\\bdcm.c                          0x00000000   Number         0  bdcm.o ABSOLUTE
    ..\\Src\\pi_reg.c                        0x00000000   Number         0  pi_reg.o ABSOLUTE
    ..\\Src\system_stm32f0xx.c               0x00000000   Number         0  system_stm32f0xx.o ABSOLUTE
    dc.s                                     0x00000000   Number         0  dc.o ABSOLUTE
    handlers.s                               0x00000000   Number         0  handlers.o ABSOLUTE
    init.s                                   0x00000000   Number         0  init.o ABSOLUTE
    startup_stm32f070x6.s                    0x00000000   Number         0  startup_stm32f070x6.o ABSOLUTE
    RESET                                    0x08000000   Section      192  startup_stm32f070x6.o(RESET)
    .ARM.Collect$$$$00000000                 0x080000c0   Section        0  entry.o(.ARM.Collect$$$$00000000)
    .ARM.Collect$$$$00000001                 0x080000c0   Section        4  entry2.o(.ARM.Collect$$$$00000001)
    .ARM.Collect$$$$00000004                 0x080000c4   Section        4  entry5.o(.ARM.Collect$$$$00000004)
    .ARM.Collect$$$$00000008                 0x080000c8   Section        0  entry7b.o(.ARM.Collect$$$$00000008)
    .ARM.Collect$$$$0000000A                 0x080000c8   Section        0  entry8b.o(.ARM.Collect$$$$0000000A)
    .ARM.Collect$$$$0000000B                 0x080000c8   Section        8  entry9a.o(.ARM.Collect$$$$0000000B)
    .ARM.Collect$$$$0000000D                 0x080000d0   Section        0  entry10a.o(.ARM.Collect$$$$0000000D)
    .ARM.Collect$$$$0000000F                 0x080000d0   Section        0  entry11a.o(.ARM.Collect$$$$0000000F)
    .ARM.Collect$$$$00002712                 0x080000d0   Section        4  entry2.o(.ARM.Collect$$$$00002712)
    __lit__00000000                          0x080000d0   Data           4  entry2.o(.ARM.Collect$$$$00002712)
    .text                                    0x080000d4   Section       88  startup_stm32f070x6.o(.text)
    .text                                    0x0800012c   Section        0  uidiv.o(.text)
    .text                                    0x08000158   Section        0  ldiv.o(.text)
    .text                                    0x080001a4   Section        0  fadd.o(.text)
    .text                                    0x08000256   Section        0  fmul.o(.text)
    .text                                    0x080002d0   Section        0  fdiv.o(.text)
    .text                                    0x0800034c   Section        0  dscalb.o(.text)
    .text                                    0x08000378   Section        0  dfixi.o(.text)
    .text                                    0x080003c0   Section        0  f2d.o(.text)
    .text                                    0x080003e8   Section        0  uldiv.o(.text)
    .text                                    0x08000448   Section        0  llushr.o(.text)
    .text                                    0x0800046a   Section        0  iusefp.o(.text)
    .text                                    0x0800046a   Section        0  fepilogue.o(.text)
    .text                                    0x080004ec   Section       36  init.o(.text)
    .text                                    0x08000510   Section        0  llshl.o(.text)
    i.ADC1_IRQHandler                        0x08000530   Section        0  stm32f0xx_it.o(i.ADC1_IRQHandler)
    i.Configure_DMA                          0x08000550   Section        0  main.o(i.Configure_DMA)
    i.Configure_USART                        0x080005ac   Section        0  main.o(i.Configure_USART)
    i.DMA1_Channel1_IRQHandler               0x0800067c   Section        0  stm32f0xx_it.o(i.DMA1_Channel1_IRQHandler)
    i.DMA1_Channel4_5_IRQHandler             0x080006a0   Section        0  stm32f0xx_it.o(i.DMA1_Channel4_5_IRQHandler)
    i.HardFault_Handler                      0x080006c4   Section        0  stm32f0xx_it.o(i.HardFault_Handler)
    i.LL_ADC_Init                            0x080006c8   Section        0  stm32f0xx_ll_adc.o(i.LL_ADC_Init)
    i.LL_ADC_REG_Init                        0x080006f4   Section        0  stm32f0xx_ll_adc.o(i.LL_ADC_REG_Init)
    i.LL_AHB1_GRP1_EnableClock               0x08000724   Section        0  main.o(i.LL_AHB1_GRP1_EnableClock)
    LL_AHB1_GRP1_EnableClock                 0x08000725   Thumb Code    18  main.o(i.LL_AHB1_GRP1_EnableClock)
    i.LL_AHB1_GRP1_EnableClock               0x0800073c   Section        0  gpio.o(i.LL_AHB1_GRP1_EnableClock)
    LL_AHB1_GRP1_EnableClock                 0x0800073d   Thumb Code    18  gpio.o(i.LL_AHB1_GRP1_EnableClock)
    i.LL_APB1_GRP1_EnableClock               0x08000754   Section        0  main.o(i.LL_APB1_GRP1_EnableClock)
    LL_APB1_GRP1_EnableClock                 0x08000755   Thumb Code    18  main.o(i.LL_APB1_GRP1_EnableClock)
    i.LL_DMA_ConfigAddresses                 0x0800076c   Section        0  main.o(i.LL_DMA_ConfigAddresses)
    LL_DMA_ConfigAddresses                   0x0800076d   Thumb Code    38  main.o(i.LL_DMA_ConfigAddresses)
    i.LL_DMA_EnableChannel                   0x08000798   Section        0  main.o(i.LL_DMA_EnableChannel)
    LL_DMA_EnableChannel                     0x08000799   Thumb Code    18  main.o(i.LL_DMA_EnableChannel)
    i.LL_DMA_EnableIT_TC                     0x080007b0   Section        0  main.o(i.LL_DMA_EnableIT_TC)
    LL_DMA_EnableIT_TC                       0x080007b1   Thumb Code    18  main.o(i.LL_DMA_EnableIT_TC)
    i.LL_DMA_SetDataLength                   0x080007c8   Section        0  main.o(i.LL_DMA_SetDataLength)
    LL_DMA_SetDataLength                     0x080007c9   Thumb Code    22  main.o(i.LL_DMA_SetDataLength)
    i.LL_GPIO_Init                           0x080007e4   Section        0  stm32f0xx_ll_gpio.o(i.LL_GPIO_Init)
    i.LL_GPIO_SetAFPin_0_7                   0x0800088c   Section        0  main.o(i.LL_GPIO_SetAFPin_0_7)
    LL_GPIO_SetAFPin_0_7                     0x0800088d   Thumb Code    26  main.o(i.LL_GPIO_SetAFPin_0_7)
    i.LL_GPIO_SetPinMode                     0x080008a6   Section        0  main.o(i.LL_GPIO_SetPinMode)
    LL_GPIO_SetPinMode                       0x080008a7   Thumb Code    20  main.o(i.LL_GPIO_SetPinMode)
    i.LL_GPIO_SetPinPull                     0x080008ba   Section        0  main.o(i.LL_GPIO_SetPinPull)
    LL_GPIO_SetPinPull                       0x080008bb   Thumb Code    20  main.o(i.LL_GPIO_SetPinPull)
    i.LL_GPIO_SetPinSpeed                    0x080008ce   Section        0  main.o(i.LL_GPIO_SetPinSpeed)
    LL_GPIO_SetPinSpeed                      0x080008cf   Thumb Code    20  main.o(i.LL_GPIO_SetPinSpeed)
    i.LL_I2C_Init                            0x080008e2   Section        0  stm32f0xx_ll_i2c.o(i.LL_I2C_Init)
    i.LL_Init1msTick                         0x08000950   Section        0  stm32f0xx_ll_utils.o(i.LL_Init1msTick)
    i.LL_RCC_GetSystemClocksFreq             0x08000970   Section        0  stm32f0xx_ll_rcc.o(i.LL_RCC_GetSystemClocksFreq)
    i.LL_RCC_GetUSARTClockFreq               0x08000988   Section        0  stm32f0xx_ll_rcc.o(i.LL_RCC_GetUSARTClockFreq)
    i.LL_SetSystemCoreClock                  0x080009dc   Section        0  stm32f0xx_ll_utils.o(i.LL_SetSystemCoreClock)
    i.LL_TIM_IC_SetActiveInput               0x080009e8   Section        0  tim.o(i.LL_TIM_IC_SetActiveInput)
    LL_TIM_IC_SetActiveInput                 0x080009e9   Thumb Code    90  tim.o(i.LL_TIM_IC_SetActiveInput)
    i.LL_TIM_IC_SetFilter                    0x08000a48   Section        0  tim.o(i.LL_TIM_IC_SetFilter)
    LL_TIM_IC_SetFilter                      0x08000a49   Thumb Code    90  tim.o(i.LL_TIM_IC_SetFilter)
    i.LL_TIM_IC_SetPolarity                  0x08000aa8   Section        0  tim.o(i.LL_TIM_IC_SetPolarity)
    LL_TIM_IC_SetPolarity                    0x08000aa9   Thumb Code    78  tim.o(i.LL_TIM_IC_SetPolarity)
    i.LL_TIM_IC_SetPrescaler                 0x08000afc   Section        0  tim.o(i.LL_TIM_IC_SetPrescaler)
    LL_TIM_IC_SetPrescaler                   0x08000afd   Thumb Code    90  tim.o(i.LL_TIM_IC_SetPrescaler)
    i.LL_TIM_Init                            0x08000b5c   Section        0  stm32f0xx_ll_tim.o(i.LL_TIM_Init)
    i.LL_TIM_OC_DisableFast                  0x08000bd4   Section        0  tim.o(i.LL_TIM_OC_DisableFast)
    LL_TIM_OC_DisableFast                    0x08000bd5   Thumb Code    82  tim.o(i.LL_TIM_OC_DisableFast)
    i.LL_TIM_OC_EnablePreload                0x08000c2c   Section        0  tim.o(i.LL_TIM_OC_EnablePreload)
    LL_TIM_OC_EnablePreload                  0x08000c2d   Thumb Code    82  tim.o(i.LL_TIM_OC_EnablePreload)
    i.LL_TIM_OC_Init                         0x08000c84   Section        0  stm32f0xx_ll_tim.o(i.LL_TIM_OC_Init)
    i.LL_USART_Init                          0x08000cc8   Section        0  stm32f0xx_ll_usart.o(i.LL_USART_Init)
    i.MX_ADC_Init                            0x08000d74   Section        0  adc.o(i.MX_ADC_Init)
    i.MX_DMA_Init                            0x08000ec0   Section        0  dma.o(i.MX_DMA_Init)
    i.MX_GPIO_Init                           0x08000efc   Section        0  gpio.o(i.MX_GPIO_Init)
    i.MX_I2C1_Init                           0x08000f50   Section        0  i2c.o(i.MX_I2C1_Init)
    i.MX_TIM1_Init                           0x08000ff0   Section        0  tim.o(i.MX_TIM1_Init)
    i.MX_TIM3_Init                           0x080010dc   Section        0  tim.o(i.MX_TIM3_Init)
    i.MX_USART2_UART_Init                    0x08001204   Section        0  usart.o(i.MX_USART2_UART_Init)
    i.NMI_Handler                            0x08001300   Section        0  stm32f0xx_it.o(i.NMI_Handler)
    i.NVIC_SetPriority                       0x08001304   Section        0  main.o(i.NVIC_SetPriority)
    NVIC_SetPriority                         0x08001305   Thumb Code    60  main.o(i.NVIC_SetPriority)
    i.NVIC_SetPriority                       0x08001348   Section        0  dma.o(i.NVIC_SetPriority)
    NVIC_SetPriority                         0x08001349   Thumb Code    60  dma.o(i.NVIC_SetPriority)
    i.OC1Config                              0x0800138c   Section        0  stm32f0xx_ll_tim.o(i.OC1Config)
    OC1Config                                0x0800138d   Thumb Code   118  stm32f0xx_ll_tim.o(i.OC1Config)
    i.OC2Config                              0x08001410   Section        0  stm32f0xx_ll_tim.o(i.OC2Config)
    OC2Config                                0x08001411   Thumb Code   122  stm32f0xx_ll_tim.o(i.OC2Config)
    i.OC3Config                              0x08001498   Section        0  stm32f0xx_ll_tim.o(i.OC3Config)
    OC3Config                                0x08001499   Thumb Code   128  stm32f0xx_ll_tim.o(i.OC3Config)
    i.OC4Config                              0x08001524   Section        0  stm32f0xx_ll_tim.o(i.OC4Config)
    OC4Config                                0x08001525   Thumb Code    92  stm32f0xx_ll_tim.o(i.OC4Config)
    i.PendSV_Handler                         0x0800158c   Section        0  stm32f0xx_it.o(i.PendSV_Handler)
    i.RCC_GetHCLKClockFreq                   0x08001590   Section        0  stm32f0xx_ll_rcc.o(i.RCC_GetHCLKClockFreq)
    i.RCC_GetPCLK1ClockFreq                  0x080015ac   Section        0  stm32f0xx_ll_rcc.o(i.RCC_GetPCLK1ClockFreq)
    i.RCC_GetSystemClockFreq                 0x080015c4   Section        0  stm32f0xx_ll_rcc.o(i.RCC_GetSystemClockFreq)
    i.RCC_PLL_GetFreqDomain_SYS              0x080015e8   Section        0  stm32f0xx_ll_rcc.o(i.RCC_PLL_GetFreqDomain_SYS)
    i.SVC_Handler                            0x08001614   Section        0  stm32f0xx_it.o(i.SVC_Handler)
    i.StartTransfers                         0x08001618   Section        0  main.o(i.StartTransfers)
    i.SysTick_Handler                        0x08001654   Section        0  stm32f0xx_it.o(i.SysTick_Handler)
    i.SystemClock_Config                     0x08001658   Section        0  main.o(i.SystemClock_Config)
    i.SystemInit                             0x08001738   Section        0  system_stm32f0xx.o(i.SystemInit)
    i.TIM3_IRQHandler                        0x0800179c   Section        0  stm32f0xx_it.o(i.TIM3_IRQHandler)
    i._IQsin                                 0x080017c0   Section        0  bdcm.o(i._IQsin)
    i.__ARM_common_ll_mulss                  0x08001820   Section        0  bdcm.o(i.__ARM_common_ll_mulss)
    i.__scatterload_copy                     0x08001850   Section       14  handlers.o(i.__scatterload_copy)
    i.__scatterload_null                     0x0800185e   Section        2  handlers.o(i.__scatterload_null)
    i.__scatterload_zeroinit                 0x08001860   Section       14  handlers.o(i.__scatterload_zeroinit)
    i.bdcm_calc                              0x0800186e   Section        0  bdcm.o(i.bdcm_calc)
    i.bdcm_const_calc                        0x080018f0   Section        0  bdcm_const.o(i.bdcm_const_calc)
    i.escSystemStart                         0x080019f8   Section        0  main.o(i.escSystemStart)
    i.main                                   0x08001ac0   Section        0  main.o(i.main)
    i.newSample_callback                     0x08001ca0   Section        0  main.o(i.newSample_callback)
    i.pi_reg_calc                            0x08001e60   Section        0  pi_reg.o(i.pi_reg_calc)
    i.updateFrame                            0x08001ec8   Section        0  main.o(i.updateFrame)
    .constdata                               0x08001f20   Section        5  main.o(.constdata)
    CHANNEL_OFFSET_TAB                       0x08001f20   Data           5  main.o(.constdata)
    .constdata                               0x08001f25   Section        5  adc.o(.constdata)
    CHANNEL_OFFSET_TAB                       0x08001f25   Data           5  adc.o(.constdata)
    .constdata                               0x08001f2a   Section       28  tim.o(.constdata)
    OFFSET_TAB_CCMRx                         0x08001f2a   Data           7  tim.o(.constdata)
    SHIFT_TAB_OCxx                           0x08001f31   Data           7  tim.o(.constdata)
    SHIFT_TAB_ICxx                           0x08001f38   Data           7  tim.o(.constdata)
    SHIFT_TAB_CCxP                           0x08001f3f   Data           7  tim.o(.constdata)
    .constdata                               0x08001f46   Section        5  usart.o(.constdata)
    CHANNEL_OFFSET_TAB                       0x08001f46   Data           5  usart.o(.constdata)
    .constdata                               0x08001f4b   Section       16  system_stm32f0xx.o(.constdata)
    .constdata                               0x08001f5b   Section        8  system_stm32f0xx.o(.constdata)
    .data                                    0x20000000   Section      288  main.o(.data)
    ramp                                     0x20000004   Data           2  main.o(.data)
    tetaTmp1                                 0x20000024   Data           4  main.o(.data)
    tetaTmp2                                 0x20000028   Data           4  main.o(.data)
    .data                                    0x20000120   Section        4  system_stm32f0xx.o(.data)
    .bss                                     0x20000124   Section     2062  main.o(.bss)
    STACK                                    0x20000938   Section     1024  startup_stm32f070x6.o(STACK)

    Global Symbols

    Symbol Name                              Value     Ov Type        Size  Object(Section)

    BuildAttributes$$THM_ISAv3M$S$PE$A:L22$X:L11$S22$IEEE1$IW$USESV6$~STKCKD$USESV7$~SHL$OTIME$ROPI$EBA8$MICROLIB$REQ8$PRES8$EABIv2 0x00000000   Number         0  anon$$obj.o ABSOLUTE
    __ARM_use_no_argv                        0x00000000   Number         0  main.o ABSOLUTE
    __cpp_initialize__aeabi_                  - Undefined Weak Reference
    __cxa_finalize                            - Undefined Weak Reference
    __decompress                              - Undefined Weak Reference
    _clock_init                               - Undefined Weak Reference
    _microlib_exit                            - Undefined Weak Reference
    __Vectors_Size                           0x000000c0   Number         0  startup_stm32f070x6.o ABSOLUTE
    __Vectors                                0x08000000   Data           4  startup_stm32f070x6.o(RESET)
    __Vectors_End                            0x080000c0   Data           0  startup_stm32f070x6.o(RESET)
    __main                                   0x080000c1   Thumb Code     0  entry.o(.ARM.Collect$$$$00000000)
    _main_stk                                0x080000c1   Thumb Code     0  entry2.o(.ARM.Collect$$$$00000001)
    _main_scatterload                        0x080000c5   Thumb Code     0  entry5.o(.ARM.Collect$$$$00000004)
    __main_after_scatterload                 0x080000c9   Thumb Code     0  entry5.o(.ARM.Collect$$$$00000004)
    _main_clock                              0x080000c9   Thumb Code     0  entry7b.o(.ARM.Collect$$$$00000008)
    _main_cpp_init                           0x080000c9   Thumb Code     0  entry8b.o(.ARM.Collect$$$$0000000A)
    _main_init                               0x080000c9   Thumb Code     0  entry9a.o(.ARM.Collect$$$$0000000B)
    __rt_final_cpp                           0x080000d1   Thumb Code     0  entry10a.o(.ARM.Collect$$$$0000000D)
    __rt_final_exit                          0x080000d1   Thumb Code     0  entry11a.o(.ARM.Collect$$$$0000000F)
    Reset_Handler                            0x080000d5   Thumb Code    38  startup_stm32f070x6.o(.text)
    DMA1_Channel2_3_IRQHandler               0x08000105   Thumb Code     0  startup_stm32f070x6.o(.text)
    EXTI0_1_IRQHandler                       0x08000105   Thumb Code     0  startup_stm32f070x6.o(.text)
    EXTI2_3_IRQHandler                       0x08000105   Thumb Code     0  startup_stm32f070x6.o(.text)
    EXTI4_15_IRQHandler                      0x08000105   Thumb Code     0  startup_stm32f070x6.o(.text)
    FLASH_IRQHandler                         0x08000105   Thumb Code     0  startup_stm32f070x6.o(.text)
    I2C1_IRQHandler                          0x08000105   Thumb Code     0  startup_stm32f070x6.o(.text)
    RCC_IRQHandler                           0x08000105   Thumb Code     0  startup_stm32f070x6.o(.text)
    RTC_IRQHandler                           0x08000105   Thumb Code     0  startup_stm32f070x6.o(.text)
    SPI1_IRQHandler                          0x08000105   Thumb Code     0  startup_stm32f070x6.o(.text)
    TIM14_IRQHandler                         0x08000105   Thumb Code     0  startup_stm32f070x6.o(.text)
    TIM16_IRQHandler                         0x08000105   Thumb Code     0  startup_stm32f070x6.o(.text)
    TIM17_IRQHandler                         0x08000105   Thumb Code     0  startup_stm32f070x6.o(.text)
    TIM1_BRK_UP_TRG_COM_IRQHandler           0x08000105   Thumb Code     0  startup_stm32f070x6.o(.text)
    TIM1_CC_IRQHandler                       0x08000105   Thumb Code     0  startup_stm32f070x6.o(.text)
    USART1_IRQHandler                        0x08000105   Thumb Code     0  startup_stm32f070x6.o(.text)
    USART2_IRQHandler                        0x08000105   Thumb Code     0  startup_stm32f070x6.o(.text)
    USB_IRQHandler                           0x08000105   Thumb Code     0  startup_stm32f070x6.o(.text)
    WWDG_IRQHandler                          0x08000105   Thumb Code     0  startup_stm32f070x6.o(.text)
    __aeabi_uidiv                            0x0800012d   Thumb Code     0  uidiv.o(.text)
    __aeabi_uidivmod                         0x0800012d   Thumb Code    44  uidiv.o(.text)
    __aeabi_ldivmod                          0x08000159   Thumb Code    76  ldiv.o(.text)
    __aeabi_fadd                             0x080001a5   Thumb Code   162  fadd.o(.text)
    __aeabi_fsub                             0x08000247   Thumb Code     8  fadd.o(.text)
    __aeabi_frsub                            0x0800024f   Thumb Code     8  fadd.o(.text)
    __aeabi_fmul                             0x08000257   Thumb Code   122  fmul.o(.text)
    __aeabi_fdiv                             0x080002d1   Thumb Code   124  fdiv.o(.text)
    __ARM_scalbn                             0x0800034d   Thumb Code    44  dscalb.o(.text)
    scalbn                                   0x0800034d   Thumb Code     0  dscalb.o(.text)
    __aeabi_d2iz                             0x08000379   Thumb Code    62  dfixi.o(.text)
    __aeabi_f2d                              0x080003c1   Thumb Code    40  f2d.o(.text)
    __aeabi_uldivmod                         0x080003e9   Thumb Code    96  uldiv.o(.text)
    __aeabi_llsr                             0x08000449   Thumb Code    34  llushr.o(.text)
    _ll_ushift_r                             0x08000449   Thumb Code     0  llushr.o(.text)
    __I$use$fp                               0x0800046b   Thumb Code     0  iusefp.o(.text)
    _float_round                             0x0800046b   Thumb Code    16  fepilogue.o(.text)
    _float_epilogue                          0x0800047b   Thumb Code   114  fepilogue.o(.text)
    __scatterload                            0x080004ed   Thumb Code    28  init.o(.text)
    __scatterload_rt2                        0x080004ed   Thumb Code     0  init.o(.text)
    __aeabi_llsl                             0x08000511   Thumb Code    32  llshl.o(.text)
    _ll_shift_l                              0x08000511   Thumb Code     0  llshl.o(.text)
    ADC1_IRQHandler                          0x08000531   Thumb Code    28  stm32f0xx_it.o(i.ADC1_IRQHandler)
    Configure_DMA                            0x08000551   Thumb Code    68  main.o(i.Configure_DMA)
    Configure_USART                          0x080005ad   Thumb Code   194  main.o(i.Configure_USART)
    DMA1_Channel1_IRQHandler                 0x0800067d   Thumb Code    30  stm32f0xx_it.o(i.DMA1_Channel1_IRQHandler)
    DMA1_Channel4_5_IRQHandler               0x080006a1   Thumb Code    30  stm32f0xx_it.o(i.DMA1_Channel4_5_IRQHandler)
    HardFault_Handler                        0x080006c5   Thumb Code     2  stm32f0xx_it.o(i.HardFault_Handler)
    LL_ADC_Init                              0x080006c9   Thumb Code    38  stm32f0xx_ll_adc.o(i.LL_ADC_Init)
    LL_ADC_REG_Init                          0x080006f5   Thumb Code    44  stm32f0xx_ll_adc.o(i.LL_ADC_REG_Init)
    LL_GPIO_Init                             0x080007e5   Thumb Code   168  stm32f0xx_ll_gpio.o(i.LL_GPIO_Init)
    LL_I2C_Init                              0x080008e3   Thumb Code   108  stm32f0xx_ll_i2c.o(i.LL_I2C_Init)
    LL_Init1msTick                           0x08000951   Thumb Code    26  stm32f0xx_ll_utils.o(i.LL_Init1msTick)
    LL_RCC_GetSystemClocksFreq               0x08000971   Thumb Code    24  stm32f0xx_ll_rcc.o(i.LL_RCC_GetSystemClocksFreq)
    LL_RCC_GetUSARTClockFreq                 0x08000989   Thumb Code    76  stm32f0xx_ll_rcc.o(i.LL_RCC_GetUSARTClockFreq)
    LL_SetSystemCoreClock                    0x080009dd   Thumb Code     6  stm32f0xx_ll_utils.o(i.LL_SetSystemCoreClock)
    LL_TIM_Init                              0x08000b5d   Thumb Code    98  stm32f0xx_ll_tim.o(i.LL_TIM_Init)
    LL_TIM_OC_Init                           0x08000c85   Thumb Code    68  stm32f0xx_ll_tim.o(i.LL_TIM_OC_Init)
    LL_USART_Init                            0x08000cc9   Thumb Code   156  stm32f0xx_ll_usart.o(i.LL_USART_Init)
    MX_ADC_Init                              0x08000d75   Thumb Code   302  adc.o(i.MX_ADC_Init)
    MX_DMA_Init                              0x08000ec1   Thumb Code    50  dma.o(i.MX_DMA_Init)
    MX_GPIO_Init                             0x08000efd   Thumb Code    84  gpio.o(i.MX_GPIO_Init)
    MX_I2C1_Init                             0x08000f51   Thumb Code   138  i2c.o(i.MX_I2C1_Init)
    MX_TIM1_Init                             0x08000ff1   Thumb Code   228  tim.o(i.MX_TIM1_Init)
    MX_TIM3_Init                             0x080010dd   Thumb Code   268  tim.o(i.MX_TIM3_Init)
    MX_USART2_UART_Init                      0x08001205   Thumb Code   230  usart.o(i.MX_USART2_UART_Init)
    NMI_Handler                              0x08001301   Thumb Code     2  stm32f0xx_it.o(i.NMI_Handler)
    PendSV_Handler                           0x0800158d   Thumb Code     2  stm32f0xx_it.o(i.PendSV_Handler)
    RCC_GetHCLKClockFreq                     0x08001591   Thumb Code    18  stm32f0xx_ll_rcc.o(i.RCC_GetHCLKClockFreq)
    RCC_GetPCLK1ClockFreq                    0x080015ad   Thumb Code    16  stm32f0xx_ll_rcc.o(i.RCC_GetPCLK1ClockFreq)
    RCC_GetSystemClockFreq                   0x080015c5   Thumb Code    28  stm32f0xx_ll_rcc.o(i.RCC_GetSystemClockFreq)
    RCC_PLL_GetFreqDomain_SYS                0x080015e9   Thumb Code    36  stm32f0xx_ll_rcc.o(i.RCC_PLL_GetFreqDomain_SYS)
    SVC_Handler                              0x08001615   Thumb Code     2  stm32f0xx_it.o(i.SVC_Handler)
    StartTransfers                           0x08001619   Thumb Code    46  main.o(i.StartTransfers)
    SysTick_Handler                          0x08001655   Thumb Code     2  stm32f0xx_it.o(i.SysTick_Handler)
    SystemClock_Config                       0x08001659   Thumb Code   206  main.o(i.SystemClock_Config)
    SystemInit                               0x08001739   Thumb Code    86  system_stm32f0xx.o(i.SystemInit)
    TIM3_IRQHandler                          0x0800179d   Thumb Code    32  stm32f0xx_it.o(i.TIM3_IRQHandler)
    _IQsin                                   0x080017c1   Thumb Code    82  bdcm.o(i._IQsin)
    __ARM_common_ll_mulss                    0x08001821   Thumb Code    48  bdcm.o(i.__ARM_common_ll_mulss)
    __scatterload_copy                       0x08001851   Thumb Code    14  handlers.o(i.__scatterload_copy)
    __scatterload_null                       0x0800185f   Thumb Code     2  handlers.o(i.__scatterload_null)
    __scatterload_zeroinit                   0x08001861   Thumb Code    14  handlers.o(i.__scatterload_zeroinit)
    bdcm_calc                                0x0800186f   Thumb Code   130  bdcm.o(i.bdcm_calc)
    bdcm_const_calc                          0x080018f1   Thumb Code   264  bdcm_const.o(i.bdcm_const_calc)
    escSystemStart                           0x080019f9   Thumb Code   176  main.o(i.escSystemStart)
    main                                     0x08001ac1   Thumb Code   432  main.o(i.main)
    newSample_callback                       0x08001ca1   Thumb Code   410  main.o(i.newSample_callback)
    pi_reg_calc                              0x08001e61   Thumb Code   102  pi_reg.o(i.pi_reg_calc)
    updateFrame                              0x08001ec9   Thumb Code    70  main.o(i.updateFrame)
    AHBPrescTable                            0x08001f4b   Data          16  system_stm32f0xx.o(.constdata)
    APBPrescTable                            0x08001f5b   Data           8  system_stm32f0xx.o(.constdata)
    Region$$Table$$Base                      0x08001f64   Number         0  anon$$obj.o(Region$$Table)
    Region$$Table$$Limit                     0x08001f84   Number         0  anon$$obj.o(Region$$Table)
    frameCount                               0x20000000   Data           1  main.o(.data)
    dataPacketCount                          0x20000001   Data           1  main.o(.data)
    dataLog                                  0x20000002   Data           1  main.o(.data)
    teta                                     0x20000008   Data           4  main.o(.data)
    harmInj0                                 0x2000000c   Data           4  main.o(.data)
    harmInj1                                 0x20000010   Data           4  main.o(.data)
    hmScale0                                 0x20000014   Data           4  main.o(.data)
    hmScale1                                 0x20000018   Data           4  main.o(.data)
    U_e_ref                                  0x2000001c   Data           4  main.o(.data)
    Ia_ref                                   0x20000020   Data           4  main.o(.data)
    vteta                                    0x2000002c   Data           4  main.o(.data)
    vSin                                     0x20000030   Data           4  main.o(.data)
    vangle                                   0x20000034   Data           4  main.o(.data)
    lpf1                                     0x20000038   Data          24  main.o(.data)
    bdcm                                     0x20000050   Data          60  main.o(.data)
    bdcm_const                               0x2000008c   Data         108  main.o(.data)
    pi_ia                                    0x200000f8   Data          40  main.o(.data)
    SystemCoreClock                          0x20000120   Data           4  system_stm32f0xx.o(.data)
    adcData                                  0x20000124   Data          12  main.o(.bss)
    txData                                   0x20000130   Data          10  main.o(.bss)
    streamCh1                                0x2000013a   Data         510  main.o(.bss)
    streamCh2                                0x20000338   Data         510  main.o(.bss)
    streamCh3                                0x20000536   Data         510  main.o(.bss)
    streamCh4                                0x20000734   Data         510  main.o(.bss)
    __initial_sp                             0x20000d38   Data           0  startup_stm32f070x6.o(STACK)



==============================================================================

Memory Map of the image

  Image Entry point : 0x080000c1

  Load Region LR_IROM1 (Base: 0x08000000, Size: 0x000020a8, Max: 0x00008000, ABSOLUTE)

    Execution Region ER_IROM1 (Exec base: 0x08000000, Load base: 0x08000000, Size: 0x00001f84, Max: 0x00008000, ABSOLUTE)

    Exec Addr    Load Addr    Size         Type   Attr      Idx    E Section Name        Object

    0x08000000   0x08000000   0x000000c0   Data   RO            3    RESET               startup_stm32f070x6.o
    0x080000c0   0x080000c0   0x00000000   Code   RO         1230  * .ARM.Collect$$$$00000000  mc_p.l(entry.o)
    0x080000c0   0x080000c0   0x00000004   Code   RO         1249    .ARM.Collect$$$$00000001  mc_p.l(entry2.o)
    0x080000c4   0x080000c4   0x00000004   Code   RO         1252    .ARM.Collect$$$$00000004  mc_p.l(entry5.o)
    0x080000c8   0x080000c8   0x00000000   Code   RO         1254    .ARM.Collect$$$$00000008  mc_p.l(entry7b.o)
    0x080000c8   0x080000c8   0x00000000   Code   RO         1256    .ARM.Collect$$$$0000000A  mc_p.l(entry8b.o)
    0x080000c8   0x080000c8   0x00000008   Code   RO         1257    .ARM.Collect$$$$0000000B  mc_p.l(entry9a.o)
    0x080000d0   0x080000d0   0x00000000   Code   RO         1259    .ARM.Collect$$$$0000000D  mc_p.l(entry10a.o)
    0x080000d0   0x080000d0   0x00000000   Code   RO         1261    .ARM.Collect$$$$0000000F  mc_p.l(entry11a.o)
    0x080000d0   0x080000d0   0x00000004   Code   RO         1250    .ARM.Collect$$$$00002712  mc_p.l(entry2.o)
    0x080000d4   0x080000d4   0x00000058   Code   RO            4    .text               startup_stm32f070x6.o
    0x0800012c   0x0800012c   0x0000002c   Code   RO         1233    .text               mc_p.l(uidiv.o)
    0x08000158   0x08000158   0x0000004c   Code   RO         1235    .text               mc_p.l(ldiv.o)
    0x080001a4   0x080001a4   0x000000b2   Code   RO         1237    .text               mf_p.l(fadd.o)
    0x08000256   0x08000256   0x0000007a   Code   RO         1239    .text               mf_p.l(fmul.o)
    0x080002d0   0x080002d0   0x0000007c   Code   RO         1241    .text               mf_p.l(fdiv.o)
    0x0800034c   0x0800034c   0x0000002c   Code   RO         1243    .text               mf_p.l(dscalb.o)
    0x08000378   0x08000378   0x00000048   Code   RO         1245    .text               mf_p.l(dfixi.o)
    0x080003c0   0x080003c0   0x00000028   Code   RO         1247    .text               mf_p.l(f2d.o)
    0x080003e8   0x080003e8   0x00000060   Code   RO         1263    .text               mc_p.l(uldiv.o)
    0x08000448   0x08000448   0x00000022   Code   RO         1265    .text               mc_p.l(llushr.o)
    0x0800046a   0x0800046a   0x00000000   Code   RO         1267    .text               mc_p.l(iusefp.o)
    0x0800046a   0x0800046a   0x00000082   Code   RO         1268    .text               mf_p.l(fepilogue.o)
    0x080004ec   0x080004ec   0x00000024   Code   RO         1270    .text               mc_p.l(init.o)
    0x08000510   0x08000510   0x00000020   Code   RO         1272    .text               mc_p.l(llshl.o)
    0x08000530   0x08000530   0x00000020   Code   RO          575    i.ADC1_IRQHandler   stm32f0xx_it.o
    0x08000550   0x08000550   0x0000005c   Code   RO          161    i.Configure_DMA     main.o
    0x080005ac   0x080005ac   0x000000d0   Code   RO          162    i.Configure_USART   main.o
    0x0800067c   0x0800067c   0x00000024   Code   RO          576    i.DMA1_Channel1_IRQHandler  stm32f0xx_it.o
    0x080006a0   0x080006a0   0x00000024   Code   RO          577    i.DMA1_Channel4_5_IRQHandler  stm32f0xx_it.o
    0x080006c4   0x080006c4   0x00000002   Code   RO          578    i.HardFault_Handler  stm32f0xx_it.o
    0x080006c6   0x080006c6   0x00000002   PAD
    0x080006c8   0x080006c8   0x0000002c   Code   RO          705    i.LL_ADC_Init       stm32f0xx_ll_adc.o
    0x080006f4   0x080006f4   0x00000030   Code   RO          706    i.LL_ADC_REG_Init   stm32f0xx_ll_adc.o
    0x08000724   0x08000724   0x00000018   Code   RO          163    i.LL_AHB1_GRP1_EnableClock  main.o
    0x0800073c   0x0800073c   0x00000018   Code   RO          367    i.LL_AHB1_GRP1_EnableClock  gpio.o
    0x08000754   0x08000754   0x00000018   Code   RO          164    i.LL_APB1_GRP1_EnableClock  main.o
    0x0800076c   0x0800076c   0x0000002c   Code   RO          165    i.LL_DMA_ConfigAddresses  main.o
    0x08000798   0x08000798   0x00000018   Code   RO          166    i.LL_DMA_EnableChannel  main.o
    0x080007b0   0x080007b0   0x00000018   Code   RO          167    i.LL_DMA_EnableIT_TC  main.o
    0x080007c8   0x080007c8   0x0000001c   Code   RO          168    i.LL_DMA_SetDataLength  main.o
    0x080007e4   0x080007e4   0x000000a8   Code   RO          658    i.LL_GPIO_Init      stm32f0xx_ll_gpio.o
    0x0800088c   0x0800088c   0x0000001a   Code   RO          169    i.LL_GPIO_SetAFPin_0_7  main.o
    0x080008a6   0x080008a6   0x00000014   Code   RO          170    i.LL_GPIO_SetPinMode  main.o
    0x080008ba   0x080008ba   0x00000014   Code   RO          171    i.LL_GPIO_SetPinPull  main.o
    0x080008ce   0x080008ce   0x00000014   Code   RO          172    i.LL_GPIO_SetPinSpeed  main.o
    0x080008e2   0x080008e2   0x0000006c   Code   RO          797    i.LL_I2C_Init       stm32f0xx_ll_i2c.o
    0x0800094e   0x0800094e   0x00000002   PAD
    0x08000950   0x08000950   0x00000020   Code   RO         1123    i.LL_Init1msTick    stm32f0xx_ll_utils.o
    0x08000970   0x08000970   0x00000018   Code   RO         1056    i.LL_RCC_GetSystemClocksFreq  stm32f0xx_ll_rcc.o
    0x08000988   0x08000988   0x00000054   Code   RO         1057    i.LL_RCC_GetUSARTClockFreq  stm32f0xx_ll_rcc.o
    0x080009dc   0x080009dc   0x0000000c   Code   RO         1127    i.LL_SetSystemCoreClock  stm32f0xx_ll_utils.o
    0x080009e8   0x080009e8   0x00000060   Code   RO          486    i.LL_TIM_IC_SetActiveInput  tim.o
    0x08000a48   0x08000a48   0x00000060   Code   RO          487    i.LL_TIM_IC_SetFilter  tim.o
    0x08000aa8   0x08000aa8   0x00000054   Code   RO          488    i.LL_TIM_IC_SetPolarity  tim.o
    0x08000afc   0x08000afc   0x00000060   Code   RO          489    i.LL_TIM_IC_SetPrescaler  tim.o
    0x08000b5c   0x08000b5c   0x00000078   Code   RO          898    i.LL_TIM_Init       stm32f0xx_ll_tim.o
    0x08000bd4   0x08000bd4   0x00000058   Code   RO          490    i.LL_TIM_OC_DisableFast  tim.o
    0x08000c2c   0x08000c2c   0x00000058   Code   RO          491    i.LL_TIM_OC_EnablePreload  tim.o
    0x08000c84   0x08000c84   0x00000044   Code   RO          899    i.LL_TIM_OC_Init    stm32f0xx_ll_tim.o
    0x08000cc8   0x08000cc8   0x000000ac   Code   RO         1010    i.LL_USART_Init     stm32f0xx_ll_usart.o
    0x08000d74   0x08000d74   0x0000014c   Code   RO          398    i.MX_ADC_Init       adc.o
    0x08000ec0   0x08000ec0   0x0000003c   Code   RO          432    i.MX_DMA_Init       dma.o
    0x08000efc   0x08000efc   0x00000054   Code   RO          368    i.MX_GPIO_Init      gpio.o
    0x08000f50   0x08000f50   0x000000a0   Code   RO          460    i.MX_I2C1_Init      i2c.o
    0x08000ff0   0x08000ff0   0x000000ec   Code   RO          492    i.MX_TIM1_Init      tim.o
    0x080010dc   0x080010dc   0x00000128   Code   RO          493    i.MX_TIM3_Init      tim.o
    0x08001204   0x08001204   0x000000fc   Code   RO          550    i.MX_USART2_UART_Init  usart.o
    0x08001300   0x08001300   0x00000002   Code   RO          579    i.NMI_Handler       stm32f0xx_it.o
    0x08001302   0x08001302   0x00000002   PAD
    0x08001304   0x08001304   0x00000044   Code   RO          173    i.NVIC_SetPriority  main.o
    0x08001348   0x08001348   0x00000044   Code   RO          433    i.NVIC_SetPriority  dma.o
    0x0800138c   0x0800138c   0x00000084   Code   RO          902    i.OC1Config         stm32f0xx_ll_tim.o
    0x08001410   0x08001410   0x00000088   Code   RO          903    i.OC2Config         stm32f0xx_ll_tim.o
    0x08001498   0x08001498   0x0000008c   Code   RO          904    i.OC3Config         stm32f0xx_ll_tim.o
    0x08001524   0x08001524   0x00000068   Code   RO          905    i.OC4Config         stm32f0xx_ll_tim.o
    0x0800158c   0x0800158c   0x00000002   Code   RO          580    i.PendSV_Handler    stm32f0xx_it.o
    0x0800158e   0x0800158e   0x00000002   PAD
    0x08001590   0x08001590   0x0000001c   Code   RO         1059    i.RCC_GetHCLKClockFreq  stm32f0xx_ll_rcc.o
    0x080015ac   0x080015ac   0x00000018   Code   RO         1060    i.RCC_GetPCLK1ClockFreq  stm32f0xx_ll_rcc.o
    0x080015c4   0x080015c4   0x00000024   Code   RO         1061    i.RCC_GetSystemClockFreq  stm32f0xx_ll_rcc.o
    0x080015e8   0x080015e8   0x0000002c   Code   RO         1062    i.RCC_PLL_GetFreqDomain_SYS  stm32f0xx_ll_rcc.o
    0x08001614   0x08001614   0x00000002   Code   RO          581    i.SVC_Handler       stm32f0xx_it.o
    0x08001616   0x08001616   0x00000002   PAD
    0x08001618   0x08001618   0x0000003c   Code   RO          174    i.StartTransfers    main.o
    0x08001654   0x08001654   0x00000002   Code   RO          582    i.SysTick_Handler   stm32f0xx_it.o
    0x08001656   0x08001656   0x00000002   PAD
    0x08001658   0x08001658   0x000000e0   Code   RO          175    i.SystemClock_Config  main.o
    0x08001738   0x08001738   0x00000064   Code   RO         1199    i.SystemInit        system_stm32f0xx.o
    0x0800179c   0x0800179c   0x00000024   Code   RO          583    i.TIM3_IRQHandler   stm32f0xx_it.o
    0x080017c0   0x080017c0   0x00000060   Code   RO           21    i._IQsin            bdcm.o
    0x08001820   0x08001820   0x00000030   Code   RO           39    i.__ARM_common_ll_mulss  bdcm.o
    0x08001850   0x08001850   0x0000000e   Code   RO         1276    i.__scatterload_copy  mc_p.l(handlers.o)
    0x0800185e   0x0800185e   0x00000002   Code   RO         1277    i.__scatterload_null  mc_p.l(handlers.o)
    0x08001860   0x08001860   0x0000000e   Code   RO         1278    i.__scatterload_zeroinit  mc_p.l(handlers.o)
    0x0800186e   0x0800186e   0x00000082   Code   RO           33    i.bdcm_calc         bdcm.o
    0x080018f0   0x080018f0   0x00000108   Code   RO          121    i.bdcm_const_calc   bdcm_const.o
    0x080019f8   0x080019f8   0x000000c8   Code   RO          177    i.escSystemStart    main.o
    0x08001ac0   0x08001ac0   0x000001e0   Code   RO          178    i.main              main.o
    0x08001ca0   0x08001ca0   0x000001c0   Code   RO          179    i.newSample_callback  main.o
    0x08001e60   0x08001e60   0x00000066   Code   RO          147    i.pi_reg_calc       pi_reg.o
    0x08001ec6   0x08001ec6   0x00000002   PAD
    0x08001ec8   0x08001ec8   0x00000058   Code   RO          182    i.updateFrame       main.o
    0x08001f20   0x08001f20   0x00000005   Data   RO          184    .constdata          main.o
    0x08001f25   0x08001f25   0x00000005   Data   RO          399    .constdata          adc.o
    0x08001f2a   0x08001f2a   0x0000001c   Data   RO          494    .constdata          tim.o
    0x08001f46   0x08001f46   0x00000005   Data   RO          551    .constdata          usart.o
    0x08001f4b   0x08001f4b   0x00000010   Data   RO         1200    .constdata          system_stm32f0xx.o
    0x08001f5b   0x08001f5b   0x00000008   Data   RO         1201    .constdata          system_stm32f0xx.o
    0x08001f63   0x08001f63   0x00000001   PAD
    0x08001f64   0x08001f64   0x00000020   Data   RO         1274    Region$$Table       anon$$obj.o


    Execution Region RW_IRAM1 (Exec base: 0x20000000, Load base: 0x08001f84, Size: 0x00000d38, Max: 0x00001800, ABSOLUTE)

    Exec Addr    Load Addr    Size         Type   Attr      Idx    E Section Name        Object

    0x20000000   0x08001f84   0x00000120   Data   RW          187    .data               main.o
    0x20000120   0x080020a4   0x00000004   Data   RW         1202    .data               system_stm32f0xx.o
    0x20000124        -       0x0000080e   Zero   RW          183    .bss                main.o
    0x20000932   0x080020a8   0x00000006   PAD
    0x20000938        -       0x00000400   Zero   RW            1    STACK               startup_stm32f070x6.o


==============================================================================

Image component sizes


      Code (inc. data)   RO Data    RW Data    ZI Data      Debug   Object Name

       332         30          5          0          0      42230   adc.o
       274         14          0          0          0     203645   bdcm.o
       264          0          0          0          0       1454   bdcm_const.o
       128         18          0          0          0       7534   dma.o
       108          6          0          0          0       7543   gpio.o
       160         22          0          0          0      15435   i2c.o
      2122        242          5        288       2062     110467   main.o
       102          0          0          0          0       1282   pi_reg.o
        88         38        192          0       1024        644   startup_stm32f070x6.o
       150         20          0          0          0      61087   stm32f0xx_it.o
        92         10          0          0          0      26544   stm32f0xx_ll_adc.o
       168          0          0          0          0       6739   stm32f0xx_ll_gpio.o
       108          0          0          0          0      14214   stm32f0xx_ll_i2c.o
       240         42          0          0          0      16284   stm32f0xx_ll_rcc.o
       700         74          0          0          0      34299   stm32f0xx_ll_tim.o
       172         16          0          0          0      17132   stm32f0xx_ll_usart.o
        44         12          0          0          0       5333   stm32f0xx_ll_utils.o
       100         14         24          4          0       1167   system_stm32f0xx.o
      1080         72         28          0          0      32926   tim.o
       252         22          5          0          0      15234   usart.o

    ----------------------------------------------------------------------
      6698        652        292        292       3092     621193   Object Totals
         0          0         32          0          0          0   (incl. Generated)
        14          0          1          0          6          0   (incl. Padding)

    ----------------------------------------------------------------------

      Code (inc. data)   RO Data    RW Data    ZI Data      Debug   Library Member Name

         0          0          0          0          0          0   entry.o
         0          0          0          0          0          0   entry10a.o
         0          0          0          0          0          0   entry11a.o
         8          4          0          0          0          0   entry2.o
         4          0          0          0          0          0   entry5.o
         0          0          0          0          0          0   entry7b.o
         0          0          0          0          0          0   entry8b.o
         8          4          0          0          0          0   entry9a.o
        30          0          0          0          0          0   handlers.o
        36          8          0          0          0         68   init.o
         0          0          0          0          0          0   iusefp.o
        76          0          0          0          0         76   ldiv.o
        32          0          0          0          0         68   llshl.o
        34          0          0          0          0         68   llushr.o
        44          0          0          0          0         72   uidiv.o
        96          0          0          0          0         84   uldiv.o
        72         10          0          0          0         72   dfixi.o
        44          0          0          0          0         72   dscalb.o
        40          0          0          0          0         60   f2d.o
       178          0          0          0          0        108   fadd.o
       124          0          0          0          0         72   fdiv.o
       130          0          0          0          0        144   fepilogue.o
       122          0          0          0          0         72   fmul.o

    ----------------------------------------------------------------------
      1078         26          0          0          0       1036   Library Totals
         0          0          0          0          0          0   (incl. Padding)

    ----------------------------------------------------------------------

      Code (inc. data)   RO Data    RW Data    ZI Data      Debug   Library Name

       368         16          0          0          0        436   mc_p.l
       710         10          0          0          0        600   mf_p.l

    ----------------------------------------------------------------------
      1078         26          0          0          0       1036   Library Totals

    ----------------------------------------------------------------------

==============================================================================


      Code (inc. data)   RO Data    RW Data    ZI Data      Debug   

      7776        678        292        292       3092     619037   Grand Totals
      7776        678        292        292       3092     619037   ELF Image Totals
      7776        678        292        292          0          0   ROM Totals

==============================================================================

    Total RO  Size (Code + RO Data)                 8068 (   7.88kB)
    Total RW  Size (RW Data + ZI Data)              3384 (   3.30kB)
    Total ROM Size (Code + RO Data + RW Data)       8360 (   8.16kB)

==============================================================================

